[gregg.angelfishy.net/index.html]
[backblue.gif]
[fade.gif]
[index.html]
[gregg.angelfishy.net/main.css]
[gregg.angelfishy.net/gregg.ico]
[gregg.angelfishy.net/images/title3.gif]
[gregg.angelfishy.net/images/gpco2.gif]
[gregg.angelfishy.net/images/title2.gif]
[gregg.angelfishy.net/index-2.html]
[gregg.angelfishy.net/jc.html]
[gregg.angelfishy.net/repnotb3.html]
[gregg.angelfishy.net/repnotb1.html]
[gregg.angelfishy.net/repnotb2.html]
[gregg.angelfishy.net/abpreann.html]
[gregg.angelfishy.net/preannireference.html]
[gregg.angelfishy.net/preanbfs.html]
[gregg.angelfishy.net/abannive.html]
[gregg.angelfishy.net/annireading.html]
[gregg.angelfishy.net/annireference.html]
[gregg.angelfishy.net/anbfs.html]
[gregg.angelfishy.net/anphrase.html]
[gregg.angelfishy.net/absimpli.html]
[gregg.angelfishy.net/smpbfs.html]
[gregg.angelfishy.net/dupraw.html]
[gregg.angelfishy.net/abdiamon.html]
[gregg.angelfishy.net/djbfs.html]
[gregg.angelfishy.net/djebfs.html]
[gregg.angelfishy.net/absrs90.html]
[gregg.angelfishy.net/s90bfs.html]
[gregg.angelfishy.net/abcenten.html]
[gregg.angelfishy.net/cenbfs.html]
[gregg.angelfishy.net/taquibfs.html]
[gregg.angelfishy.net/grmng001.html]
[gregg.angelfishy.net/espgrg01.html]
[gregg.angelfishy.net/esperbfs.html]
[gregg.angelfishy.net/images/gregginatlanta.gif]
[gregg.angelfishy.net/images/annivgrg.gif]
[gregg.angelfishy.net/images/gpco.gif]
[gregg.angelfishy.net/irishgregg.pdf]
[gregg.angelfishy.net/images/gsd-cover.gif]
[gregg.angelfishy.net/images/dictionarybg.gif]
[gregg.angelfishy.net/images/5000frms.gif]
[gregg.angelfishy.net/images/gpco5msf.gif]
[gregg.angelfishy.net/Annivman.pdf]
[gregg.angelfishy.net/images/funddrilcover.gif]
[gregg.angelfishy.net/images/funddrilbg.gif]
[gregg.angelfishy.net/funddril.pdf]
[gregg.angelfishy.net/5000musf.pdf]
[gregg.angelfishy.net/images/preangrg.gif]
[gregg.angelfishy.net/preanman.pdf]
[gregg.angelfishy.net/images/preannbg.gif]
[gregg.angelfishy.net/espgrg.jpg]
[gregg.angelfishy.net/images/espbg.gif]
[gregg.angelfishy.net/images/gpco3.gif]
[gregg.angelfishy.net/anprface.html]
[gregg.angelfishy.net/anaboutg.html]
[gregg.angelfishy.net/aneditor.html]
[gregg.angelfishy.net/gsd.pdf]
[gregg.angelfishy.net/antwtbgr.html]
[gregg.angelfishy.net/analphbt.html]
[gregg.angelfishy.net/anunit01.html]
[gregg.angelfishy.net/anunit02.html]
[gregg.angelfishy.net/anunit03.html]
[gregg.angelfishy.net/anunit04.html]
[gregg.angelfishy.net/anunit05.html]
[gregg.angelfishy.net/anunit06.html]
[gregg.angelfishy.net/anunit07.html]
[gregg.angelfishy.net/anunit08.html]
[gregg.angelfishy.net/anunit09.html]
[gregg.angelfishy.net/anunit10.html]
[gregg.angelfishy.net/anunit11.html]
[gregg.angelfishy.net/anunit12.html]
[gregg.angelfishy.net/anunit13.html]
[gregg.angelfishy.net/anunit14.html]
[gregg.angelfishy.net/anunit15.html]
[gregg.angelfishy.net/anunit16.html]
[gregg.angelfishy.net/anunit17.html]
[gregg.angelfishy.net/anunit18.html]
[gregg.angelfishy.net/anunit19.html]
[gregg.angelfishy.net/anunit20.html]
[gregg.angelfishy.net/anunit21.html]
[gregg.angelfishy.net/anunit22.html]
[gregg.angelfishy.net/anunit23.html]
[gregg.angelfishy.net/anunit24.html]
[gregg.angelfishy.net/anunit25.html]
[gregg.angelfishy.net/anunit26.html]
[gregg.angelfishy.net/anunit27.html]
[gregg.angelfishy.net/anunit28.html]
[gregg.angelfishy.net/anunit29.html]
[gregg.angelfishy.net/anunit30.html]
[gregg.angelfishy.net/anunit31.html]
[gregg.angelfishy.net/anunit32.html]
[gregg.angelfishy.net/anunit33.html]
[gregg.angelfishy.net/anunit34.html]
[gregg.angelfishy.net/anunit35.html]
[gregg.angelfishy.net/anunit36.html]
[gregg.angelfishy.net/anindex.html]
[pagead2.googlesyndication.com/pagead/f.txt]
[gregg.angelfishy.net/index.html]
[gregg.angelfishy.net/images/navbg.gif]
[gregg.angelfishy.net/main.css]
[gregg.angelfishy.net/index-2.html]
[gregg.angelfishy.net/images/judgecharge003.gif]
[gregg.angelfishy.net/images/judgecharge004.gif]
[gregg.angelfishy.net/images/judgecharge005.gif]
[gregg.angelfishy.net/images/judgecharge006.gif]
[gregg.angelfishy.net/images/judgecharge007.gif]
[gregg.angelfishy.net/images/judgecharge008.gif]
[gregg.angelfishy.net/gpco3.gif]
[gregg.angelfishy.net/jc.html]
[gregg.angelfishy.net/title3.gif]
[gregg.angelfishy.net/gpco2.gif]
[gregg.angelfishy.net/title2.gif]
[gregg.angelfishy.net/images/dupraw280.gif]
[gregg.angelfishy.net/images/dupr001.gif]
[gregg.angelfishy.net/images/dupr002.gif]
[gregg.angelfishy.net/images/dupr003.gif]
[gregg.angelfishy.net/images/dupr004.gif]
[gregg.angelfishy.net/images/dupr005.gif]
[gregg.angelfishy.net/images/dupr006.gif]
[gregg.angelfishy.net/images/dupr007.gif]
[gregg.angelfishy.net/images/dupr008.gif]
[gregg.angelfishy.net/images/dupr009.gif]
[gregg.angelfishy.net/images/dupr010.gif]
[gregg.angelfishy.net/images/dupr011.gif]
[gregg.angelfishy.net/images/dupr012.gif]
[gregg.angelfishy.net/images/dupr013.gif]
[gregg.angelfishy.net/images/dupr014.gif]
[gregg.angelfishy.net/images/dupr015.gif]
[gregg.angelfishy.net/images/dupr016.gif]
[gregg.angelfishy.net/images/dupr017.gif]
[gregg.angelfishy.net/images/dupr018.gif]
[gregg.angelfishy.net/repnotb3.html]
[gregg.angelfishy.net/images/sklarew1.gif]
[gregg.angelfishy.net/repnotb1.html]
[gregg.angelfishy.net/images/nbzoubek.gif]
[gregg.angelfishy.net/repnotb2.html]
[gregg.angelfishy.net/abpreann.html]
[gregg.angelfishy.net/images/gsd1916.jpg]
[gregg.angelfishy.net/images/speedstudies1916.gif]
[gregg.angelfishy.net/images/wasd1922.gif]
[gregg.angelfishy.net/images/gr1919.gif]
[gregg.angelfishy.net/images/notes1922.gif]
[gregg.angelfishy.net/images/basicp.jpg]
[gregg.angelfishy.net/principles.pdf]
[gregg.angelfishy.net/images/qa.gif]
[gregg.angelfishy.net/food.pdf]
[gregg.angelfishy.net/images/groceries.jpg]
[gregg.angelfishy.net/images/speedpointers.gif]
[gregg.angelfishy.net/speedpoints.html]
[gregg.angelfishy.net/images/swemdgts.gif]
[gregg.angelfishy.net/swemdgts.html]
[gregg.angelfishy.net/images/swem.gif]
[gregg.angelfishy.net/gsd1916.pdf]
[gregg.angelfishy.net/swemshct.html]
[gregg.angelfishy.net/preannireference.html]
[gregg.angelfishy.net/images/bf0001.gif]
[gregg.angelfishy.net/images/bf0002.gif]
[gregg.angelfishy.net/images/bf0416-abu.gif]
[gregg.angelfishy.net/images/bf0176-aks.gif]
[gregg.angelfishy.net/images/bf0248-akr.gif]
[gregg.angelfishy.net/images/bf0417-akrns.gif]
[gregg.angelfishy.net/images/bf0265-ak.gif]
[gregg.angelfishy.net/images/bf0300-aka.gif]
[gregg.angelfishy.net/images/bf0232-av.gif]
[gregg.angelfishy.net/images/bf0301-avt.gif]
[gregg.angelfishy.net/images/bf0418-af.gif]
[gregg.angelfishy.net/images/bf0068-agn.gif]
[gregg.angelfishy.net/images/bf0283-aj.gif]
[gregg.angelfishy.net/images/bf0140-a.gif]
[gregg.angelfishy.net/images/bf0051-o.gif]
[gregg.angelfishy.net/images/bf0266-al.gif]
[gregg.angelfishy.net/images/bf0070-ols.gif]
[gregg.angelfishy.net/images/bf0021-m.gif]
[gregg.angelfishy.net/images/bf0034-nd.gif]
[gregg.angelfishy.net/images/bf0052-ne.gif]
[gregg.angelfishy.net/images/bf0022-r.gif]
[gregg.angelfishy.net/images/bf0233-ara.gif]
[gregg.angelfishy.net/qa.pdf]
[gregg.angelfishy.net/images/bf0142-sk.gif]
[gregg.angelfishy.net/images/bf0419-sst.gif]
[gregg.angelfishy.net/images/bf0267-tnsh.gif]
[gregg.angelfishy.net/images/bf0420-voe.gif]
[gregg.angelfishy.net/images/bf0035-b.gif]
[gregg.angelfishy.net/images/bf0287-bte.gif]
[gregg.angelfishy.net/images/bf0123-bk.gif]
[gregg.angelfishy.net/images/bf0004-bn.gif]
[gregg.angelfishy.net/images/bf0005-bf.gif]
[gregg.angelfishy.net/images/bf0213-bi.gif]
[gregg.angelfishy.net/images/bf0104-be.gif]
[gregg.angelfishy.net/images/bf0421-bte.gif]
[gregg.angelfishy.net/images/bf0089-btn.gif]
[gregg.angelfishy.net/images/bf0422-bon.gif]
[gregg.angelfishy.net/images/bf0196-bl.gif]
[gregg.angelfishy.net/images/bf0177-bo.gif]
[gregg.angelfishy.net/images/bf0178-br.gif]
[gregg.angelfishy.net/images/bf0072-bs.gif]
[gregg.angelfishy.net/images/bf0423-ba.gif]
[gregg.angelfishy.net/images/bf0105-ko.gif]
[gregg.angelfishy.net/images/bf0024-k.gif]
[gregg.angelfishy.net/images/bf0124-kpt.gif]
[gregg.angelfishy.net/images/bf0197-kr.gif]
[gregg.angelfishy.net/images/bf0158-ka.gif]
[gregg.angelfishy.net/images/bf0159-kae.gif]
[gregg.angelfishy.net/images/bf0071-ks.gif]
[gregg.angelfishy.net/images/bf0424-setf.gif]
[gregg.angelfishy.net/images/bf0198-kak.gif]
[gregg.angelfishy.net/images/bf0160-chj.gif]
[gregg.angelfishy.net/images/bf0425-chk.gif]
[gregg.angelfishy.net/images/bf0161-kle.gif]
[gregg.angelfishy.net/images/bf0426-klr.gif]
[gregg.angelfishy.net/images/bf0126-kol.gif]
[gregg.angelfishy.net/images/bf0127-kp.gif]
[gregg.angelfishy.net/images/bf0234-ks.gif]
[gregg.angelfishy.net/images/bf0268-kpe.gif]
[gregg.angelfishy.net/images/bf0427-krp.gif]
[gregg.angelfishy.net/images/bf0251-kres.gif]
[gregg.angelfishy.net/images/bf0055-kd.gif]
[gregg.angelfishy.net/images/bf0106-krs.gif]
[gregg.angelfishy.net/images/bf0252-kv.gif]
[gregg.angelfishy.net/images/bf0288-kre.gif]
[gregg.angelfishy.net/images/bf0428-kus.gif]
[gregg.angelfishy.net/images/bf0056-dt.gif]
[gregg.angelfishy.net/images/bf0288-dfn.gif]
[gregg.angelfishy.net/images/bf0289-dl.gif]
[gregg.angelfishy.net/images/bf0036-ds.gif]
[gregg.angelfishy.net/images/bf0303-emn.gif]
[gregg.angelfishy.net/images/bf0429-dft.gif]
[gregg.angelfishy.net/images/bf0290-df.gif]
[gregg.angelfishy.net/images/bf0304-dfk.gif]
[gregg.angelfishy.net/images/bf0253-drk.gif]
[gregg.angelfishy.net/images/bf0235-do.gif]
[gregg.angelfishy.net/images/bf0269-drf.gif]
[gregg.angelfishy.net/images/bf0107-dr.gif]
[gregg.angelfishy.net/images/bf0430-dup.gif]
[gregg.angelfishy.net/images/bf0179-dte.gif]
[gregg.angelfishy.net/images/bf0305-edu.gif]
[gregg.angelfishy.net/images/bf0200-fk.gif]
[gregg.angelfishy.net/images/bf0129-eth.gif]
[gregg.angelfishy.net/images/bf0202-ls.gif]
[gregg.angelfishy.net/images/bf0431-ndr.gif]
[gregg.angelfishy.net/images/bf0162-nuf.gif]
[gregg.angelfishy.net/images/bf0007-ev.gif]
[gregg.angelfishy.net/images/bf0432-ess.gif]
[gregg.angelfishy.net/images/bf0203-spe.gif]
[gregg.angelfishy.net/images/bf0181-fo.gif]
[gregg.angelfishy.net/images/bf0073-fa.gif]
[gregg.angelfishy.net/images/bf0433-fot.gif]
[gregg.angelfishy.net/images/bf0214-fi.gif]
[gregg.angelfishy.net/images/esp0232.gif]
[gregg.angelfishy.net/images/bf0074-fes.gif]
[gregg.angelfishy.net/images/bf0009-f.gif]
[gregg.angelfishy.net/images/bf0204-fr.gif]
[gregg.angelfishy.net/images/bf0010-fm.gif]
[gregg.angelfishy.net/images/bf0165-fu.gif]
[gregg.angelfishy.net/images/bf0148-ft.gif]
[gregg.angelfishy.net/images/bf0090-ga.gif]
[gregg.angelfishy.net/images/bf0091-ge.gif]
[gregg.angelfishy.net/images/bf0109-gl.gif]
[gregg.angelfishy.net/images/bf0027-g.gif]
[gregg.angelfishy.net/images/bf0434-gd.gif]
[gregg.angelfishy.net/images/bf0183-gn.gif]
[gregg.angelfishy.net/images/bf0166-gv.gif]
[gregg.angelfishy.net/images/bf0092-gt.gif]
[gregg.angelfishy.net/images/bf0037-gr.gif]
[gregg.angelfishy.net/images/bf0435-hnd.gif]
[gregg.angelfishy.net/images/bf0012-v.gif]
[gregg.angelfishy.net/images/bf0029-e.gif]
[gregg.angelfishy.net/images/bf0184-hus.gif]
[gregg.angelfishy.net/images/bf0215-au.gif]
[gregg.angelfishy.net/images/bf0026-a.gif]
[gregg.angelfishy.net/images/bf0149-eme.gif]
[gregg.angelfishy.net/images/bf0130-mp.gif]
[gregg.angelfishy.net/images/bf0308-mpr.gif]
[gregg.angelfishy.net/images/bf0028-n.gif]
[gregg.angelfishy.net/images/bf0236-nk.gif]
[gregg.angelfishy.net/images/bf0291-nf.gif]
[gregg.angelfishy.net/images/bf0273-nds.gif]
[gregg.angelfishy.net/images/bf0292-ns.gif]
[gregg.angelfishy.net/images/bf0310-nsh.gif]
[gregg.angelfishy.net/images/bf0274-nvs.gif]
[gregg.angelfishy.net/images/bf0038-s.gif]
[gregg.angelfishy.net/images/bf0023-t.gif]
[gregg.angelfishy.net/images/bf0436-jj.gif]
[gregg.angelfishy.net/images/bf0437-ju.gif]
[gregg.angelfishy.net/images/bf0217-ki.gif]
[gregg.angelfishy.net/images/bf0093-le.gif]
[gregg.angelfishy.net/images/bf0218-li.gif]
[gregg.angelfishy.net/images/bf0059-let.gif]
[gregg.angelfishy.net/images/bf0205-lng.gif]
[gregg.angelfishy.net/images/bf0058-la.gif]
[gregg.angelfishy.net/images/bf0167-lu.gif]
[gregg.angelfishy.net/images/bf0131-lv.gif]
[gregg.angelfishy.net/images/bf0039-mr.gif]
[gregg.angelfishy.net/images/bf0438-mss.gif]
[gregg.angelfishy.net/images/bf0439-mor.gif]
[gregg.angelfishy.net/images/bf0011-mo.gif]
[gregg.angelfishy.net/images/bf0294-mu.gif]
[gregg.angelfishy.net/images/bf0013-mch.gif]
[gregg.angelfishy.net/images/bf0076-ms.gif]
[gregg.angelfishy.net/images/bf0095-na.gif]
[gregg.angelfishy.net/images/bf0014-nv.gif]
[gregg.angelfishy.net/images/bf0440-nu.gif]
[gregg.angelfishy.net/images/bf0309-nsp.gif]
[gregg.angelfishy.net/images/bf0096-nes.gif]
[gregg.angelfishy.net/images/bf0238-ob.gif]
[gregg.angelfishy.net/images/bf0275-obl.gif]
[gregg.angelfishy.net/images/bf0312-kash.gif]
[gregg.angelfishy.net/images/bf0441-okp.gif]
[gregg.angelfishy.net/images/bf0040-o.gif]
[gregg.angelfishy.net/images/bf0151-os.gif]
[gregg.angelfishy.net/images/bf0152-oshl.gif]
[gregg.angelfishy.net/images/bf0318-un.gif]
[gregg.angelfishy.net/images/bf0133-opn.gif]
[gregg.angelfishy.net/images/bf0110-od.gif]
[gregg.angelfishy.net/images/bf0256-og.gif]
[gregg.angelfishy.net/images/bf0061-uth.gif]
[gregg.angelfishy.net/images/bf0077-pt.gif]
[gregg.angelfishy.net/images/bf0186-pat.gif]
[gregg.angelfishy.net/images/bf0240-pl.gif]
[gregg.angelfishy.net/images/bf0212-oe.gif]
[gregg.angelfishy.net/images/bf0098-pr.gif]
[gregg.angelfishy.net/images/bf0078-pb.gif]
[gregg.angelfishy.net/images/bf0441-pbsh.gif]
[gregg.angelfishy.net/images/bf0442-ppl.gif]
[gregg.angelfishy.net/images/bf0017-p.gif]
[gregg.angelfishy.net/images/bf0295-ku.gif]
[gregg.angelfishy.net/images/bf0315-kt.gif]
[gregg.angelfishy.net/images/bf0171-ksh.gif]
[gregg.angelfishy.net/images/bf0408-rr.gif]
[gregg.angelfishy.net/images/bf0296-rl.gif]
[gregg.angelfishy.net/images/bf0136-re.gif]
[gregg.angelfishy.net/images/bf0113-rse.gif]
[gregg.angelfishy.net/images/bf0206-rs.gif]
[gregg.angelfishy.net/images/bf0316-rkd.gif]
[gregg.angelfishy.net/images/bf0277-rf.gif]
[gregg.angelfishy.net/images/bf0260-reg.gif]
[gregg.angelfishy.net/images/bf0187-rm.gif]
[gregg.angelfishy.net/images/bf0278-rem.gif]
[gregg.angelfishy.net/images/bf0188-rep.gif]
[gregg.angelfishy.net/images/bf0153-rp.gif]
[gregg.angelfishy.net/images/bf0189-rpr.gif]
[gregg.angelfishy.net/images/bf0242-res.gif]
[gregg.angelfishy.net/images/bf0207-ret.gif]
[gregg.angelfishy.net/images/bf0223-ri.gif]
[gregg.angelfishy.net/images/bf0443-satsh.gif]
[gregg.angelfishy.net/images/bf0261-sat.gif]
[gregg.angelfishy.net/images/bf0444-ssn.gif]
[gregg.angelfishy.net/images/bf0154-sen.gif]
[gregg.angelfishy.net/images/bf0018-sh.gif]
[gregg.angelfishy.net/images/bf0019-shd.gif]
[gregg.angelfishy.net/images/bf0224-si.gif]
[gregg.angelfishy.net/images/bf0445-sg.gif]
[gregg.angelfishy.net/images/bf0381-s.gif]
[gregg.angelfishy.net/images/bf0116-smo.gif]
[gregg.angelfishy.net/images/bf0392-ss.gif]
[gregg.angelfishy.net/images/bf0080-sm.gif]
[gregg.angelfishy.net/images/bf0099-sn.gif]
[gregg.angelfishy.net/images/bf0155-sp.gif]
[gregg.angelfishy.net/images/bf0298-spr.gif]
[gregg.angelfishy.net/images/bf0279-stn.gif]
[gregg.angelfishy.net/images/bf0117-st.gif]
[gregg.angelfishy.net/images/bf0280-sto.gif]
[gregg.angelfishy.net/images/bf0243-stj.gif]
[gregg.angelfishy.net/images/bf0208-str.gif]
[gregg.angelfishy.net/images/bf0137-sj.gif]
[gregg.angelfishy.net/images/bf0281-suj.gif]
[gregg.angelfishy.net/images/bf0174-shu.gif]
[gregg.angelfishy.net/images/bf0079-ss.gif]
[gregg.angelfishy.net/images/bf0446-tch.gif]
[gregg.angelfishy.net/images/bf0041-thn.gif]
[gregg.angelfishy.net/images/bf0209-think.gif]
[gregg.angelfishy.net/images/bf0042-tha.gif]
[gregg.angelfishy.net/images/bf0030-th.gif]
[gregg.angelfishy.net/images/bf0031-th.gif]
[gregg.angelfishy.net/images/bf0043-thm.gif]
[gregg.angelfishy.net/images/bf0044-the.gif]
[gregg.angelfishy.net/images/bf0082-thng.gif]
[gregg.angelfishy.net/images/bf0045-ths.gif]
[gregg.angelfishy.net/images/bf0083-the.gif]
[gregg.angelfishy.net/images/bf0062-ths.gif]
[gregg.angelfishy.net/images/bf0225-thau.gif]
[gregg.angelfishy.net/images/bf0244-thrut.gif]
[gregg.angelfishy.net/images/bf0063-tm.gif]
[gregg.angelfishy.net/images/bf0118-to.gif]
[gregg.angelfishy.net/images/bf0299-tmo.gif]
[gregg.angelfishy.net/images/bf0245-trs.gif]
[gregg.angelfishy.net/images/bf0064-tr.gif]
[gregg.angelfishy.net/images/bf0447-tpri.gif]
[gregg.angelfishy.net/images/bf0102-nde.gif]
[gregg.angelfishy.net/images/bf0119-pon.gif]
[gregg.angelfishy.net/images/bf0226-eu.gif]
[gregg.angelfishy.net/images/bf0175-ush.gif]
[gregg.angelfishy.net/images/bf0156-vl.gif]
[gregg.angelfishy.net/images/bf0020-ve.gif]
[gregg.angelfishy.net/images/bf0448-vl.gif]
[gregg.angelfishy.net/images/bf0120-ont.gif]
[gregg.angelfishy.net/images/bf0047-os.gif]
[gregg.angelfishy.net/images/bf0449-lth.gif]
[gregg.angelfishy.net/images/bf0157-ek.gif]
[gregg.angelfishy.net/images/bf0121-ent.gif]
[gregg.angelfishy.net/images/bf0065-er.gif]
[gregg.angelfishy.net/images/bf0066-ot.gif]
[gregg.angelfishy.net/images/bf0067-en.gif]
[gregg.angelfishy.net/images/bf0053-ar.gif]
[gregg.angelfishy.net/images/bf0006-ch.gif]
[gregg.angelfishy.net/images/bf0227-il.gif]
[gregg.angelfishy.net/images/bf0228-i.gif]
[gregg.angelfishy.net/images/bf0450-if.gif]
[gregg.angelfishy.net/images/bf0032-l.gif]
[gregg.angelfishy.net/images/bf0229-ir.gif]
[gregg.angelfishy.net/images/bf0048-eth.gif]
[gregg.angelfishy.net/images/bf0049-etht.gif]
[gregg.angelfishy.net/images/bf0247-uun.gif]
[gregg.angelfishy.net/images/bf0192-ud.gif]
[gregg.angelfishy.net/images/bf0085-rk.gif]
[gregg.angelfishy.net/images/bf0193-uu.gif]
[gregg.angelfishy.net/images/bf0033-d.gif]
[gregg.angelfishy.net/images/bf0210-e.gif]
[gregg.angelfishy.net/images/bf0139-est.gif]
[gregg.angelfishy.net/images/bf0050-u.gif]
[gregg.angelfishy.net/images/bf0211-ung.gif]
[gregg.angelfishy.net/preanbfs.html]
[gregg.angelfishy.net/images/synopann.gif]
[gregg.angelfishy.net/abannive.html]
[gregg.angelfishy.net/jrgstry1.html]
[gregg.angelfishy.net/images/gregghead.jpg]
[gregg.angelfishy.net/images/Aesop.jpg]
[gregg.angelfishy.net/images/scrooge.jpg]
[gregg.angelfishy.net/Fables2.pdf]
[gregg.angelfishy.net/images/maupassant.jpg]
[gregg.angelfishy.net/carol.pdf]
[gregg.angelfishy.net/images/headlinese.jpg]
[gregg.angelfishy.net/images/hawthorne.jpg]
[gregg.angelfishy.net/hawthorne.pdf]
[gregg.angelfishy.net/greekvs.pdf]
[gregg.angelfishy.net/necklace.pdf]
[gregg.angelfishy.net/images/greek.jpg]
[gregg.angelfishy.net/hopkins-gg.html]
[gregg.angelfishy.net/headlinese.pdf]
[gregg.angelfishy.net/images/hopkins.jpg]
[gregg.angelfishy.net/annireading.html]
[gregg.angelfishy.net/images/phrasebook.gif]
[gregg.angelfishy.net/images/20shortcuts.gif]
[gregg.angelfishy.net/images/techvoc.gif]
[gregg.angelfishy.net/propernames.pdf]
[gregg.angelfishy.net/phrasebook.pdf]
[gregg.angelfishy.net/20shortcuts.pdf]
[gregg.angelfishy.net/images/propernames.gif]
[gregg.angelfishy.net/annireference.html]
[gregg.angelfishy.net/images/bf0122-abv.gif]
[gregg.angelfishy.net/images/bf0230-akrs.gif]
[gregg.angelfishy.net/images/bf0231-adr.gif]
[gregg.angelfishy.net/techvoc.pdf]
[gregg.angelfishy.net/images/bf0003-aft.gif]
[gregg.angelfishy.net/images/bf0069-agns.gif]
[gregg.angelfishy.net/images/bf0141-ore.gif]
[gregg.angelfishy.net/images/bf0086-oso.gif]
[gregg.angelfishy.net/images/bf0284-otu.gif]
[gregg.angelfishy.net/images/bf0194-mng.gif]
[gregg.angelfishy.net/images/bf0087-nuth.gif]
[gregg.angelfishy.net/images/bf0195-ans.gif]
[gregg.angelfishy.net/images/bf0285-apr.gif]
[gregg.angelfishy.net/images/bf0286-aprx.gif]
[gregg.angelfishy.net/images/bf0249-bd.gif]
[gregg.angelfishy.net/images/bf0088-bg.gif]
[gregg.angelfishy.net/images/bf0302-katl.gif]
[gregg.angelfishy.net/images/bf0125-chel.gif]
[gregg.angelfishy.net/images/bf0054-km.gif]
[gregg.angelfishy.net/images/bf0143-kete.gif]
[gregg.angelfishy.net/images/bf0199-kmu.gif]
[gregg.angelfishy.net/images/bf0144-kp.gif]
[gregg.angelfishy.net/images/bf0250-kf.gif]
[gregg.angelfishy.net/images/bf0025-kt.gif]
[gregg.angelfishy.net/images/bf0128-de.gif]
[gregg.angelfishy.net/images/bf0201-eft.gif]
[gregg.angelfishy.net/images/bf0145-mpl.gif]
[gregg.angelfishy.net/images/bf0270-enb.gif]
[gregg.angelfishy.net/images/bf0271-ndi.gif]
[gregg.angelfishy.net/images/bf0008-eve.gif]
[gregg.angelfishy.net/images/bf0254-esl.gif]
[gregg.angelfishy.net/images/bf0255-sep.gif]
[gregg.angelfishy.net/images/bf0163-esp.gif]
[gregg.angelfishy.net/images/bf0180-espl.gif]
[gregg.angelfishy.net/images/bf0146-espr.gif]
[gregg.angelfishy.net/images/bf0147-flr.gif]
[gregg.angelfishy.net/images/bf0164-fs.gif]
[gregg.angelfishy.net/images/bf0182-fth.gif]
[gregg.angelfishy.net/images/bf0108-jen.gif]
[gregg.angelfishy.net/images/bf0307-hund.gif]
[gregg.angelfishy.net/images/bf0272-ndv.gif]
[gregg.angelfishy.net/images/bf0216-nki.gif]
[gregg.angelfishy.net/images/bf0057-ndu.gif]
[gregg.angelfishy.net/images/bf0150-nol.gif]
[gregg.angelfishy.net/images/bf0237-ma.gif]
[gregg.angelfishy.net/images/bf0075-mat.gif]
[gregg.angelfishy.net/images/bf0311-mechdis.gif]
[gregg.angelfishy.net/images/bf0219-mi.gif]
[gregg.angelfishy.net/images/bf0293-mst.gif]
[gregg.angelfishy.net/images/bf0094-mning.gif]
[gregg.angelfishy.net/images/bf0060-ma.gif]
[gregg.angelfishy.net/images/bf0185-natr.gif]
[gregg.angelfishy.net/images/bf0132-ness.gif]
[gregg.angelfishy.net/images/bf0306-nvl.gif]
[gregg.angelfishy.net/images/bf0220-ni.gif]
[gregg.angelfishy.net/images/bf0097-ning.gif]
[gregg.angelfishy.net/images/bf0168-num.gif]
[gregg.angelfishy.net/images/bf0239-opr.gif]
[gregg.angelfishy.net/images/bf0015-o.gif]
[gregg.angelfishy.net/images/bf0016-pep.gif]
[gregg.angelfishy.net/images/bf0257-prf.gif]
[gregg.angelfishy.net/images/bf0258-prs.gif]
[gregg.angelfishy.net/images/bf0313-plesh.gif]
[gregg.angelfishy.net/images/bf0169-posh.gif]
[gregg.angelfishy.net/images/bf0111-pos.gif]
[gregg.angelfishy.net/images/bf0221-pau.gif]
[gregg.angelfishy.net/images/bf0134-prep.gif]
[gregg.angelfishy.net/images/bf0314-prevs.gif]
[gregg.angelfishy.net/images/bf0259-prb.gif]
[gregg.angelfishy.net/images/bf0259-prbl.gif]
[gregg.angelfishy.net/images/bf0241-prg.gif]
[gregg.angelfishy.net/images/bf0170-prch.gif]
[gregg.angelfishy.net/images/bf0112-prp.gif]
[gregg.angelfishy.net/images/bf0135-rath.gif]
[gregg.angelfishy.net/images/bf0276-rese.gif]
[gregg.angelfishy.net/images/bf0172-remn.gif]
[gregg.angelfishy.net/images/bf0222-rki.gif]
[gregg.angelfishy.net/images/bf0297-rsp.gif]
[gregg.angelfishy.net/images/bf0262-sers.gif]
[gregg.angelfishy.net/images/bf0114-sev.gif]
[gregg.angelfishy.net/images/bf0115-setsh.gif]
[gregg.angelfishy.net/images/bf0173-skl.gif]
[gregg.angelfishy.net/images/bf0100-ste.gif]
[gregg.angelfishy.net/images/bf0263-stp.gif]
[gregg.angelfishy.net/images/bf0264-suk.gif]
[gregg.angelfishy.net/images/bf0081-sch.gif]
[gregg.angelfishy.net/images/bf0317-suf.gif]
[gregg.angelfishy.net/images/bf0190-spo.gif]
[gregg.angelfishy.net/images/bf0101-te.gif]
[gregg.angelfishy.net/images/bf0138-tug.gif]
[gregg.angelfishy.net/images/bf0046-tu.gif]
[gregg.angelfishy.net/images/bf0282-nb.gif]
[gregg.angelfishy.net/images/bf0084-u.gif]
[gregg.angelfishy.net/images/bf0246-vars.gif]
[gregg.angelfishy.net/images/bf0191-weth.gif]
[gregg.angelfishy.net/images/bf0103-umn.gif]
[gregg.angelfishy.net/anbfs.html]
[gregg.angelfishy.net/images/anphras1.gif]
[gregg.angelfishy.net/images/anphras2.gif]
[gregg.angelfishy.net/anphrase.html]
[gregg.angelfishy.net/absimpli.html]
[gregg.angelfishy.net/images/bf0395-otmb.gif]
[gregg.angelfishy.net/images/bf0396-bt.gif]
[gregg.angelfishy.net/images/bf0397-sekl.gif]
[gregg.angelfishy.net/images/bf0360-kk.gif]
[gregg.angelfishy.net/images/bf0398-kksh.gif]
[gregg.angelfishy.net/images/bf0399-ets.gif]
[gregg.angelfishy.net/images/bf0400-ftr.gif]
[gregg.angelfishy.net/images/bf0401-ade.gif]
[gregg.angelfishy.net/images/bf0402-lias.gif]
[gregg.angelfishy.net/images/bf0403-mecht.gif]
[gregg.angelfishy.net/images/bf0404-mrs.gif]
[gregg.angelfishy.net/images/bf0405-odn.gif]
[gregg.angelfishy.net/images/bf0406-prpt.gif]
[gregg.angelfishy.net/images/bf0407-prsk.gif]
[gregg.angelfishy.net/images/bf0409-rknis.gif]
[gregg.angelfishy.net/images/bf0410-remnr.gif]
[gregg.angelfishy.net/images/bf0411-rkes.gif]
[gregg.angelfishy.net/images/bf0412-pn.gif]
[gregg.angelfishy.net/images/bf0413-uuth.gif]
[gregg.angelfishy.net/images/bf0414-et.gif]
[gregg.angelfishy.net/images/bf0415-ut.gif]
[gregg.angelfishy.net/smpbfs.html]
[gregg.angelfishy.net/dprwpic.jpg]
[gregg.angelfishy.net/images/howbigdp.gif]
[gregg.angelfishy.net/dupraw.html]
[gregg.angelfishy.net/abdiamon.html]
[gregg.angelfishy.net/djbfs.html]
[gregg.angelfishy.net/djebfs.html]
[gregg.angelfishy.net/absrs90.html]
[gregg.angelfishy.net/s90bfs.html]
[gregg.angelfishy.net/abcenten.html]
[gregg.angelfishy.net/cenbfs.html]
[gregg.angelfishy.net/taquibfs.html]
[gregg.angelfishy.net/images/grmng001.gif]
[gregg.angelfishy.net/images/grmng002.gif]
[gregg.angelfishy.net/images/grmng003.gif]
[gregg.angelfishy.net/images/grmng004.gif]
[gregg.angelfishy.net/grmng002.html]
[gregg.angelfishy.net/grmng001.html]
[gregg.angelfishy.net/espgrg2.jpg]
[gregg.angelfishy.net/espgrg02.html]
[gregg.angelfishy.net/espgrg03.html]
[gregg.angelfishy.net/espgrg04.html]
[gregg.angelfishy.net/espgrg05.html]
[gregg.angelfishy.net/espgrg06.html]
[gregg.angelfishy.net/espgrg07.html]
[gregg.angelfishy.net/espgrg08.html]
[gregg.angelfishy.net/espgrg09.html]
[gregg.angelfishy.net/espgrg10.html]
[gregg.angelfishy.net/espgrg11.html]
[gregg.angelfishy.net/images/esp0002.gif]
[gregg.angelfishy.net/images/esp0003.gif]
[gregg.angelfishy.net/images/esp0004.gif]
[gregg.angelfishy.net/images/esp0005.gif]
[gregg.angelfishy.net/images/esp0006.gif]
[gregg.angelfishy.net/images/esp0007.gif]
[gregg.angelfishy.net/espgregg.pdf]
[gregg.angelfishy.net/images/esp0008.gif]
[gregg.angelfishy.net/images/esp0009.gif]
[gregg.angelfishy.net/images/esp0012.gif]
[gregg.angelfishy.net/images/esp0014.gif]
[gregg.angelfishy.net/images/esp0015.gif]
[gregg.angelfishy.net/images/esp0016.gif]
[gregg.angelfishy.net/images/esp0017.gif]
[gregg.angelfishy.net/images/esp0018.gif]
[gregg.angelfishy.net/images/esp0019.gif]
[gregg.angelfishy.net/images/esp0010.gif]
[gregg.angelfishy.net/images/esp0013.gif]
[gregg.angelfishy.net/images/esp0011.gif]
[gregg.angelfishy.net/images/esp0020.gif]
[gregg.angelfishy.net/images/esp0021.gif]
[gregg.angelfishy.net/espgrg01p.html]
[gregg.angelfishy.net/espgrg01.html]
[gregg.angelfishy.net/images/bf0319-at.gif]
[gregg.angelfishy.net/images/bf0320-ank.gif]
[gregg.angelfishy.net/images/bf0321-anko.gif]
[gregg.angelfishy.net/images/bf0322-a.gif]
[gregg.angelfishy.net/images/bf0323-pd.gif]
[gregg.angelfishy.net/images/bf0323-skt.gif]
[gregg.angelfishy.net/images/bf0324-bdr.gif]
[gregg.angelfishy.net/images/bf0324-set.gif]
[gregg.angelfishy.net/images/bf0325-chm.gif]
[gregg.angelfishy.net/images/bf0326-che.gif]
[gregg.angelfishy.net/images/bf0327-chu.gif]
[gregg.angelfishy.net/images/bf0328-nk.gif]
[gregg.angelfishy.net/images/bf0329-ds.gif]
[gregg.angelfishy.net/images/bf0330-des.gif]
[gregg.angelfishy.net/images/bf0331-dfse.gif]
[gregg.angelfishy.net/images/bf0332-dfr.gif]
[gregg.angelfishy.net/images/bf0333-eb.gif]
[gregg.angelfishy.net/images/bf0334-fkv.gif]
[gregg.angelfishy.net/images/bf0335-egl.gif]
[gregg.angelfishy.net/images/bf0336-esr.gif]
[gregg.angelfishy.net/images/bf0337-Esp.gif]
[gregg.angelfishy.net/images/bf0338-es.gif]
[gregg.angelfishy.net/images/bf0339-us.gif]
[gregg.angelfishy.net/images/bf0340-fam.gif]
[gregg.angelfishy.net/images/bf0341-flch.gif]
[gregg.angelfishy.net/images/bf0342-fdl.gif]
[gregg.angelfishy.net/images/bf0343-fem.gif]
[gregg.angelfishy.net/images/bf0344-fren.gif]
[gregg.angelfishy.net/images/bf0345-j.gif]
[gregg.angelfishy.net/images/bf0346-her.gif]
[gregg.angelfishy.net/images/bf0347-hod.gif]
[gregg.angelfishy.net/images/bf0348-el.gif]
[gregg.angelfishy.net/images/bf0349-n.gif]
[gregg.angelfishy.net/images/bf0350-om.gif]
[gregg.angelfishy.net/images/bf0351-eus.gif]
[gregg.angelfishy.net/images/bf0352-kek.gif]
[gregg.angelfishy.net/images/bf0353-kl.gif]
[gregg.angelfishy.net/images/bf0354-kom.gif]
[gregg.angelfishy.net/images/bf0355-kla.gif]
[gregg.angelfishy.net/images/bf0357-kme.gif]
[gregg.angelfishy.net/images/bf0356-kn.gif]
[gregg.angelfishy.net/images/bf0358-kg.gif]
[gregg.angelfishy.net/images/bf0359-k.gif]
[gregg.angelfishy.net/images/bf0361-kvank.gif]
[gregg.angelfishy.net/images/bf0362-len.gif]
[gregg.angelfishy.net/images/bf0363-leng.gif]
[gregg.angelfishy.net/images/bf0364-mag.gif]
[gregg.angelfishy.net/images/bf0365-met.gif]
[gregg.angelfishy.net/images/bf0366-me.gif]
[gregg.angelfishy.net/images/bf0367-mog.gif]
[gregg.angelfishy.net/images/bf0368-nam.gif]
[gregg.angelfishy.net/images/bf0369-of.gif]
[gregg.angelfishy.net/images/bf0370-oreg.gif]
[gregg.angelfishy.net/images/bf0371-prl.gif]
[gregg.angelfishy.net/images/bf0372-pns.gif]
[gregg.angelfishy.net/images/bf0373-ple.gif]
[gregg.angelfishy.net/images/bf0374-pop.gif]
[gregg.angelfishy.net/images/bf0375-prkt.gif]
[gregg.angelfishy.net/images/bf0376-pu.gif]
[gregg.angelfishy.net/images/bf0377-rs.gif]
[gregg.angelfishy.net/images/bf0378-sas.gif]
[gregg.angelfishy.net/images/bf0379-sem.gif]
[gregg.angelfishy.net/images/bf0380-sg.gif]
[gregg.angelfishy.net/images/bf0382-skr.gif]
[gregg.angelfishy.net/images/bf0383-sbt.gif]
[gregg.angelfishy.net/images/bf0384-ta.gif]
[gregg.angelfishy.net/images/bf0385-ta.gif]
[gregg.angelfishy.net/images/bf0386-tl.gif]
[gregg.angelfishy.net/images/bf0387-tth.gif]
[gregg.angelfishy.net/images/bf0393-thes.gif]
[gregg.angelfishy.net/images/bf0388-t.gif]
[gregg.angelfishy.net/images/bf0389-trv.gif]
[gregg.angelfishy.net/images/bf0390-vr.gif]
[gregg.angelfishy.net/images/bf0394-vt.gif]
[gregg.angelfishy.net/images/bf0391-sog.gif]
[gregg.angelfishy.net/esperbfs.html]
[gregg.angelfishy.net/anprface.html]
[gregg.angelfishy.net/anaboutg.html]
[gregg.angelfishy.net/aneditor.html]
[gregg.angelfishy.net/antwtbgr.html]
[gregg.angelfishy.net/images/alphabet.gif]
[gregg.angelfishy.net/analphbt.html]
[gregg.angelfishy.net/images/gregg001.gif]
[gregg.angelfishy.net/images/gregg002.gif]
[gregg.angelfishy.net/images/sd001.gif]
[gregg.angelfishy.net/images/sd014.gif]
[gregg.angelfishy.net/images/gregg003.gif]
[gregg.angelfishy.net/images/gregg004.gif]
[gregg.angelfishy.net/images/gregg005.gif]
[gregg.angelfishy.net/images/gregg006.gif]
[gregg.angelfishy.net/images/gregg007.gif]
[gregg.angelfishy.net/images/gregg008.gif]
[gregg.angelfishy.net/images/gregg009.gif]
[gregg.angelfishy.net/images/gregg010.gif]
[gregg.angelfishy.net/images/sd002.gif]
[gregg.angelfishy.net/images/gregg011.gif]
[gregg.angelfishy.net/images/sd004.gif]
[gregg.angelfishy.net/images/sd003.gif]
[gregg.angelfishy.net/images/gregg012.gif]
[gregg.angelfishy.net/images/sd005.gif]
[gregg.angelfishy.net/images/gregg013.gif]
[gregg.angelfishy.net/bfd01.html]
[gregg.angelfishy.net/trpanu01.html]
[gregg.angelfishy.net/anunit01.html]
[gregg.angelfishy.net/images/sd008.gif]
[gregg.angelfishy.net/images/sd009.gif]
[gregg.angelfishy.net/images/gregg014.gif]
[gregg.angelfishy.net/images/sd006.gif]
[gregg.angelfishy.net/images/gregg015.gif]
[gregg.angelfishy.net/images/sd007.gif]
[gregg.angelfishy.net/images/sd010.gif]
[gregg.angelfishy.net/images/gregg016.gif]
[gregg.angelfishy.net/images/gregg017.gif]
[gregg.angelfishy.net/images/sd011.gif]
[gregg.angelfishy.net/images/sd012.gif]
[gregg.angelfishy.net/images/gregg018.gif]
[gregg.angelfishy.net/images/sd013.gif]
[gregg.angelfishy.net/images/gregg019.gif]
[gregg.angelfishy.net/images/gregg020.gif]
[gregg.angelfishy.net/images/sd015.gif]
[gregg.angelfishy.net/images/gregg021.gif]
[gregg.angelfishy.net/images/gregg024.gif]
[gregg.angelfishy.net/images/gregg025.gif]
[gregg.angelfishy.net/images/gregg026.gif]
[gregg.angelfishy.net/bfd02.html]
[gregg.angelfishy.net/trpanu02.html]
[gregg.angelfishy.net/anunit02.html]
[gregg.angelfishy.net/images/gregg027.gif]
[gregg.angelfishy.net/images/gregg028.gif]
[gregg.angelfishy.net/images/gregg029.gif]
[gregg.angelfishy.net/images/gregg030.gif]
[gregg.angelfishy.net/images/gregg031.gif]
[gregg.angelfishy.net/images/gregg032.gif]
[gregg.angelfishy.net/bfd03.html]
[gregg.angelfishy.net/trpanu03.html]
[gregg.angelfishy.net/anunit03.html]
[gregg.angelfishy.net/images/gregg033.gif]
[gregg.angelfishy.net/images/gregg034.gif]
[gregg.angelfishy.net/images/gregg035.gif]
[gregg.angelfishy.net/images/sd016.gif]
[gregg.angelfishy.net/images/sd018.gif]
[gregg.angelfishy.net/images/sd020.gif]
[gregg.angelfishy.net/images/sd021.gif]
[gregg.angelfishy.net/images/sd022.gif]
[gregg.angelfishy.net/images/sd023.gif]
[gregg.angelfishy.net/images/gregg036.gif]
[gregg.angelfishy.net/images/sd017.gif]
[gregg.angelfishy.net/images/gregg037.gif]
[gregg.angelfishy.net/images/sd019.gif]
[gregg.angelfishy.net/images/gregg038.gif]
[gregg.angelfishy.net/images/gregg039.gif]
[gregg.angelfishy.net/images/gregg040.gif]
[gregg.angelfishy.net/images/gregg041.gif]
[gregg.angelfishy.net/images/gregg042.gif]
[gregg.angelfishy.net/images/gregg043.gif]
[gregg.angelfishy.net/bfd04.html]
[gregg.angelfishy.net/trpanu04.html]
[gregg.angelfishy.net/anunit04.html]
[gregg.angelfishy.net/images/gregg044.gif]
[gregg.angelfishy.net/images/gregg045.gif]
[gregg.angelfishy.net/images/gregg046.gif]
[gregg.angelfishy.net/images/gregg047.gif]
[gregg.angelfishy.net/images/gregg048.gif]
[gregg.angelfishy.net/images/gregg049.gif]
[gregg.angelfishy.net/images/gregg050.gif]
[gregg.angelfishy.net/images/gregg051.gif]
[gregg.angelfishy.net/images/gregg052.gif]
[gregg.angelfishy.net/images/gregg053.gif]
[gregg.angelfishy.net/images/gregg054.gif]
[gregg.angelfishy.net/images/gregg055.gif]
[gregg.angelfishy.net/images/gregg056.gif]
[gregg.angelfishy.net/images/gregg057.gif]
[gregg.angelfishy.net/images/gregg058.gif]
[gregg.angelfishy.net/images/gregg059.gif]
[gregg.angelfishy.net/trpanu05.html]
[gregg.angelfishy.net/anunit05.html]
[gregg.angelfishy.net/images/gregg060.gif]
[gregg.angelfishy.net/images/gregg061.gif]
[gregg.angelfishy.net/images/gregg062.gif]
[gregg.angelfishy.net/images/gregg063.gif]
[gregg.angelfishy.net/images/gregg064.gif]
[gregg.angelfishy.net/images/gregg065.gif]
[gregg.angelfishy.net/images/gregg066.gif]
[gregg.angelfishy.net/images/gregg067.gif]
[gregg.angelfishy.net/images/gregg068.gif]
[gregg.angelfishy.net/trpanu06.html]
[gregg.angelfishy.net/anunit06.html]
[gregg.angelfishy.net/images/gregg069.gif]
[gregg.angelfishy.net/images/gregg070.gif]
[gregg.angelfishy.net/images/gregg071.gif]
[gregg.angelfishy.net/images/gregg072.gif]
[gregg.angelfishy.net/images/gregg073.gif]
[gregg.angelfishy.net/images/gregg074.gif]
[gregg.angelfishy.net/images/gregg075.gif]
[gregg.angelfishy.net/images/gregg076.gif]
[gregg.angelfishy.net/images/gregg077.gif]
[gregg.angelfishy.net/images/gregg078.gif]
[gregg.angelfishy.net/images/gregg079.gif]
[gregg.angelfishy.net/images/gregg080.gif]
[gregg.angelfishy.net/images/gregg081.gif]
[gregg.angelfishy.net/images/gregg082.gif]
[gregg.angelfishy.net/trpanu07.html]
[gregg.angelfishy.net/anunit07.html]
[gregg.angelfishy.net/images/gregg083.gif]
[gregg.angelfishy.net/images/gregg084.gif]
[gregg.angelfishy.net/images/gregg085.gif]
[gregg.angelfishy.net/images/gregg086.gif]
[gregg.angelfishy.net/images/gregg087.gif]
[gregg.angelfishy.net/images/gregg088.gif]
[gregg.angelfishy.net/images/gregg089.gif]
[gregg.angelfishy.net/images/gregg090.gif]
[gregg.angelfishy.net/images/gregg091.gif]
[gregg.angelfishy.net/trpanu08.html]
[gregg.angelfishy.net/anunit08.html]
[gregg.angelfishy.net/images/gregg092.gif]
[gregg.angelfishy.net/images/gregg093.gif]
[gregg.angelfishy.net/images/gregg094.gif]
[gregg.angelfishy.net/images/gregg095.gif]
[gregg.angelfishy.net/images/gregg096.gif]
[gregg.angelfishy.net/images/gregg097.gif]
[gregg.angelfishy.net/images/gregg098.gif]
[gregg.angelfishy.net/images/gregg099.gif]
[gregg.angelfishy.net/images/gregg100.gif]
[gregg.angelfishy.net/images/gregg101.gif]
[gregg.angelfishy.net/images/gregg102.gif]
[gregg.angelfishy.net/images/gregg103.gif]
[gregg.angelfishy.net/trpanu09.html]
[gregg.angelfishy.net/anunit09.html]
[gregg.angelfishy.net/images/gregg109.gif]
[gregg.angelfishy.net/images/gregg104.gif]
[gregg.angelfishy.net/images/gregg112.gif]
[gregg.angelfishy.net/images/gregg107.gif]
[gregg.angelfishy.net/images/gregg105.gif]
[gregg.angelfishy.net/images/gregg111.gif]
[gregg.angelfishy.net/images/gregg108.gif]
[gregg.angelfishy.net/images/gregg106.gif]
[gregg.angelfishy.net/images/gregg110.gif]
[gregg.angelfishy.net/images/gregg113.gif]
[gregg.angelfishy.net/images/gregg114.gif]
[gregg.angelfishy.net/images/gregg115.gif]
[gregg.angelfishy.net/images/gregg116.gif]
[gregg.angelfishy.net/images/gregg117.gif]
[gregg.angelfishy.net/trpanu10.html]
[gregg.angelfishy.net/anunit10.html]
[gregg.angelfishy.net/images/gregg118.gif]
[gregg.angelfishy.net/images/gregg119.gif]
[gregg.angelfishy.net/images/gregg120.gif]
[gregg.angelfishy.net/images/gregg121.gif]
[gregg.angelfishy.net/images/gregg122.gif]
[gregg.angelfishy.net/images/gregg123.gif]
[gregg.angelfishy.net/images/gregg124.gif]
[gregg.angelfishy.net/trpanu11.html]
[gregg.angelfishy.net/anunit11.html]
[gregg.angelfishy.net/images/gregg125.gif]
[gregg.angelfishy.net/images/gregg126.gif]
[gregg.angelfishy.net/images/gregg127.gif]
[gregg.angelfishy.net/images/gregg128.gif]
[gregg.angelfishy.net/images/gregg129.gif]
[gregg.angelfishy.net/images/gregg130.gif]
[gregg.angelfishy.net/images/gregg131.gif]
[gregg.angelfishy.net/trpanu12.html]
[gregg.angelfishy.net/anunit12.html]
[gregg.angelfishy.net/images/gregg132.gif]
[gregg.angelfishy.net/images/gregg133.gif]
[gregg.angelfishy.net/images/gregg134.gif]
[gregg.angelfishy.net/images/gregg135.gif]
[gregg.angelfishy.net/images/gregg136.gif]
[gregg.angelfishy.net/images/gregg137.gif]
[gregg.angelfishy.net/trpanu13.html]
[gregg.angelfishy.net/anunit13.html]
[gregg.angelfishy.net/images/gregg138.gif]
[gregg.angelfishy.net/images/gregg139.gif]
[gregg.angelfishy.net/images/gregg140.gif]
[gregg.angelfishy.net/images/gregg141.gif]
[gregg.angelfishy.net/images/gregg142.gif]
[gregg.angelfishy.net/images/gregg143.gif]
[gregg.angelfishy.net/trpanu14.html]
[gregg.angelfishy.net/anunit14.html]
[gregg.angelfishy.net/images/gregg144.gif]
[gregg.angelfishy.net/images/gregg145.gif]
[gregg.angelfishy.net/images/gregg146.gif]
[gregg.angelfishy.net/images/gregg147.gif]
[gregg.angelfishy.net/images/gregg148.gif]
[gregg.angelfishy.net/images/gregg149.gif]
[gregg.angelfishy.net/images/gregg150.gif]
[gregg.angelfishy.net/trpanu15.html]
[gregg.angelfishy.net/anunit15.html]
[gregg.angelfishy.net/images/gregg151.gif]
[gregg.angelfishy.net/images/gregg152.gif]
[gregg.angelfishy.net/images/gregg153.gif]
[gregg.angelfishy.net/images/gregg154.gif]
[gregg.angelfishy.net/images/gregg155.gif]
[gregg.angelfishy.net/images/gregg156.gif]
[gregg.angelfishy.net/trpanu16.html]
[gregg.angelfishy.net/anunit16.html]
[gregg.angelfishy.net/images/gregg157.gif]
[gregg.angelfishy.net/images/gregg158.gif]
[gregg.angelfishy.net/images/gregg159.gif]
[gregg.angelfishy.net/images/gregg160.gif]
[gregg.angelfishy.net/images/gregg161.gif]
[gregg.angelfishy.net/trpanu17.html]
[gregg.angelfishy.net/anunit17.html]
[gregg.angelfishy.net/images/gregg162.gif]
[gregg.angelfishy.net/images/gregg163.gif]
[gregg.angelfishy.net/images/gregg164.gif]
[gregg.angelfishy.net/images/gregg165.gif]
[gregg.angelfishy.net/images/gregg166.gif]
[gregg.angelfishy.net/trpanu18.html]
[gregg.angelfishy.net/anunit18.html]
[gregg.angelfishy.net/images/gregg167.gif]
[gregg.angelfishy.net/images/gregg168.gif]
[gregg.angelfishy.net/images/gregg169.gif]
[gregg.angelfishy.net/images/gregg170.gif]
[gregg.angelfishy.net/images/gregg171.gif]
[gregg.angelfishy.net/images/gregg172.gif]
[gregg.angelfishy.net/trpanu19.html]
[gregg.angelfishy.net/anunit19.html]
[gregg.angelfishy.net/images/gregg173.gif]
[gregg.angelfishy.net/images/gregg174.gif]
[gregg.angelfishy.net/images/gregg175.gif]
[gregg.angelfishy.net/images/gregg176.gif]
[gregg.angelfishy.net/images/gregg177.gif]
[gregg.angelfishy.net/images/gregg178.gif]
[gregg.angelfishy.net/images/gregg179.gif]
[gregg.angelfishy.net/images/gregg180.gif]
[gregg.angelfishy.net/trpanu20.html]
[gregg.angelfishy.net/anunit20.html]
[gregg.angelfishy.net/images/gregg181.gif]
[gregg.angelfishy.net/images/gregg182.gif]
[gregg.angelfishy.net/images/gregg183.gif]
[gregg.angelfishy.net/trpanu21.html]
[gregg.angelfishy.net/anunit21.html]
[gregg.angelfishy.net/images/gregg184.gif]
[gregg.angelfishy.net/images/gregg185.gif]
[gregg.angelfishy.net/images/gregg186.gif]
[gregg.angelfishy.net/images/gregg187.gif]
[gregg.angelfishy.net/trpanu22.html]
[gregg.angelfishy.net/anunit22.html]
[gregg.angelfishy.net/images/gregg188.gif]
[gregg.angelfishy.net/images/gregg189.gif]
[gregg.angelfishy.net/images/gregg190.gif]
[gregg.angelfishy.net/images/gregg191.gif]
[gregg.angelfishy.net/images/gregg192.gif]
[gregg.angelfishy.net/images/gregg193.gif]
[gregg.angelfishy.net/images/gregg194.gif]
[gregg.angelfishy.net/images/gregg195.gif]
[gregg.angelfishy.net/images/gregg196.gif]
[gregg.angelfishy.net/trpanu23.html]
[gregg.angelfishy.net/anunit23.html]
[gregg.angelfishy.net/images/gregg197.gif]
[gregg.angelfishy.net/images/gregg198.gif]
[gregg.angelfishy.net/trpanu24.html]
[gregg.angelfishy.net/anunit24.html]
[gregg.angelfishy.net/images/gregg199.gif]
[gregg.angelfishy.net/images/gregg200.gif]
[gregg.angelfishy.net/images/gregg201.gif]
[gregg.angelfishy.net/images/gregg202.gif]
[gregg.angelfishy.net/images/gregg203.gif]
[gregg.angelfishy.net/trpanu25.html]
[gregg.angelfishy.net/anunit25.html]
[gregg.angelfishy.net/images/gregg205.gif]
[gregg.angelfishy.net/images/gregg206.gif]
[gregg.angelfishy.net/images/gregg207.gif]
[gregg.angelfishy.net/trpanu26.html]
[gregg.angelfishy.net/anunit26.html]
[gregg.angelfishy.net/images/gregg208.gif]
[gregg.angelfishy.net/images/gregg209.gif]
[gregg.angelfishy.net/images/gregg209b.gif]
[gregg.angelfishy.net/images/gregg210.gif]
[gregg.angelfishy.net/images/gregg211.gif]
[gregg.angelfishy.net/images/gregg212.gif]
[gregg.angelfishy.net/images/gregg213.gif]
[gregg.angelfishy.net/trpanu27.html]
[gregg.angelfishy.net/anunit27.html]
[gregg.angelfishy.net/images/gregg214.gif]
[gregg.angelfishy.net/images/gregg215.gif]
[gregg.angelfishy.net/images/gregg216.gif]
[gregg.angelfishy.net/images/gregg217.gif]
[gregg.angelfishy.net/trpanu28.html]
[gregg.angelfishy.net/anunit28.html]
[gregg.angelfishy.net/images/gregg218.gif]
[gregg.angelfishy.net/images/gregg219.gif]
[gregg.angelfishy.net/images/gregg220.gif]
[gregg.angelfishy.net/trpanu29.html]
[gregg.angelfishy.net/anunit29.html]
[gregg.angelfishy.net/images/gregg221.gif]
[gregg.angelfishy.net/images/gregg222.gif]
[gregg.angelfishy.net/images/gregg223.gif]
[gregg.angelfishy.net/images/gregg224.gif]
[gregg.angelfishy.net/images/gregg225.gif]
[gregg.angelfishy.net/images/gregg226.gif]
[gregg.angelfishy.net/images/gregg227.gif]
[gregg.angelfishy.net/images/gregg228.gif]
[gregg.angelfishy.net/trpanu30.html]
[gregg.angelfishy.net/anunit30.html]
[gregg.angelfishy.net/images/gregg229.gif]
[gregg.angelfishy.net/images/gregg230.gif]
[gregg.angelfishy.net/trpanu31.html]
[gregg.angelfishy.net/anunit31.html]
[gregg.angelfishy.net/images/gregg231.gif]
[gregg.angelfishy.net/images/gregg232.gif]
[gregg.angelfishy.net/trpanu32.html]
[gregg.angelfishy.net/anunit32.html]
[gregg.angelfishy.net/images/gregg233.gif]
[gregg.angelfishy.net/images/gregg234.gif]
[gregg.angelfishy.net/images/gregg235.gif]
[gregg.angelfishy.net/images/gregg236.gif]
[gregg.angelfishy.net/trpanu33.html]
[gregg.angelfishy.net/anunit33.html]
[gregg.angelfishy.net/images/gregg237.gif]
[gregg.angelfishy.net/images/gregg238.gif]
[gregg.angelfishy.net/images/gregg239.gif]
[gregg.angelfishy.net/trpanu34.html]
[gregg.angelfishy.net/anunit34.html]
[gregg.angelfishy.net/images/gregg240.gif]
[gregg.angelfishy.net/images/gregg241.gif]
[gregg.angelfishy.net/images/gregg242.gif]
[gregg.angelfishy.net/images/gregg243.gif]
[gregg.angelfishy.net/images/gregg244.gif]
[gregg.angelfishy.net/images/gregg245.gif]
[gregg.angelfishy.net/trpanu35.html]
[gregg.angelfishy.net/anunit35.html]
[gregg.angelfishy.net/images/gregg246.gif]
[gregg.angelfishy.net/images/gregg247.gif]
[gregg.angelfishy.net/trpanu36.html]
[gregg.angelfishy.net/anunit36.html]
[gregg.angelfishy.net/anindex.html]
[gregg.angelfishy.net/title3.html]
[gregg.angelfishy.net/title2.html]
[gregg.angelfishy.net/speedpoints.html]
[gregg.angelfishy.net/swemdgts.html]
[gregg.angelfishy.net/images/ssc001.gif]
[gregg.angelfishy.net/images/ssc002.gif]
[gregg.angelfishy.net/images/ssc003.gif]
[gregg.angelfishy.net/images/ssc004.gif]
[gregg.angelfishy.net/images/ssc005.gif]
[gregg.angelfishy.net/images/ssc006.gif]
[gregg.angelfishy.net/images/ssc007.gif]
[gregg.angelfishy.net/images/ssc008.gif]
[gregg.angelfishy.net/images/ssc009.gif]
[gregg.angelfishy.net/swemshct.html]
[gregg.angelfishy.net/images/jrgstry1.gif]
[gregg.angelfishy.net/jrgstry2.html]
[gregg.angelfishy.net/jrgstry1.html]
[gregg.angelfishy.net/images/godsgrandeurbig.gif]
[gregg.angelfishy.net/images/godsgrandeursmall.gif]
[gregg.angelfishy.net/hopkins-gg.html]
[gregg.angelfishy.net/images/grmng005.gif]
[gregg.angelfishy.net/images/grmng006.gif]
[gregg.angelfishy.net/images/grmng007.gif]
[gregg.angelfishy.net/images/grmng008.gif]
[gregg.angelfishy.net/images/grmng009.gif]
[gregg.angelfishy.net/images/grmng010.gif]
[gregg.angelfishy.net/images/grmng011.gif]
[gregg.angelfishy.net/images/grmng012.gif]
[gregg.angelfishy.net/images/grmng013.gif]
[gregg.angelfishy.net/images/grmng014.gif]
[gregg.angelfishy.net/images/grmng015.gif]
[gregg.angelfishy.net/images/grmng016.gif]
[gregg.angelfishy.net/images/grmng017.gif]
[gregg.angelfishy.net/images/grmng018.gif]
[gregg.angelfishy.net/images/grmng019.gif]
[gregg.angelfishy.net/images/grmng020.gif]
[gregg.angelfishy.net/grmng003.html]
[gregg.angelfishy.net/grmng002.html]
[gregg.angelfishy.net/images/esp0001.gif]
[gregg.angelfishy.net/images/esp0024.gif]
[gregg.angelfishy.net/images/esp0027.gif]
[gregg.angelfishy.net/images/esp0022.gif]
[gregg.angelfishy.net/images/esp0028.gif]
[gregg.angelfishy.net/images/esp0031.gif]
[gregg.angelfishy.net/images/esp0023.gif]
[gregg.angelfishy.net/images/esp0029.gif]
[gregg.angelfishy.net/images/esp0032.gif]
[gregg.angelfishy.net/images/esp0025.gif]
[gregg.angelfishy.net/images/esp0033.gif]
[gregg.angelfishy.net/images/esp0040.gif]
[gregg.angelfishy.net/images/esp0026.gif]
[gregg.angelfishy.net/images/esp0036.gif]
[gregg.angelfishy.net/images/esp0041.gif]
[gregg.angelfishy.net/images/esp0030.gif]
[gregg.angelfishy.net/images/esp0037.gif]
[gregg.angelfishy.net/images/esp0042.gif]
[gregg.angelfishy.net/images/esp0034.gif]
[gregg.angelfishy.net/images/esp0038.gif]
[gregg.angelfishy.net/images/esp0043.gif]
[gregg.angelfishy.net/images/esp0035.gif]
[gregg.angelfishy.net/images/esp0039.gif]
[gregg.angelfishy.net/images/esp0044.gif]
[gregg.angelfishy.net/images/esp0046.gif]
[gregg.angelfishy.net/images/esp0045.gif]
[gregg.angelfishy.net/images/esp0047.gif]
[gregg.angelfishy.net/images/esp0048.gif]
[gregg.angelfishy.net/images/esp0049.gif]
[gregg.angelfishy.net/images/esp0052.gif]
[gregg.angelfishy.net/images/esp0050.gif]
[gregg.angelfishy.net/images/esp0051.gif]
[gregg.angelfishy.net/images/esp0053.gif]
[gregg.angelfishy.net/images/esp0054.gif]
[gregg.angelfishy.net/images/esp0055.gif]
[gregg.angelfishy.net/images/esp0056.gif]
[gregg.angelfishy.net/images/esp0058.gif]
[gregg.angelfishy.net/images/esp0057.gif]
[gregg.angelfishy.net/images/esp0059.gif]
[gregg.angelfishy.net/images/esp0061.gif]
[gregg.angelfishy.net/images/esp0060.gif]
[gregg.angelfishy.net/images/esp0062.gif]
[gregg.angelfishy.net/images/esp0063.gif]
[gregg.angelfishy.net/images/esp0064.gif]
[gregg.angelfishy.net/images/esp0065.gif]
[gregg.angelfishy.net/images/fgrgg021-ng.gif]
[gregg.angelfishy.net/images/fgrgg022-nk.gif]
[gregg.angelfishy.net/images/esp0066.gif]
[gregg.angelfishy.net/images/esp0068.gif]
[gregg.angelfishy.net/images/esp0070.gif]
[gregg.angelfishy.net/images/esp0067.gif]
[gregg.angelfishy.net/images/esp0069.gif]
[gregg.angelfishy.net/images/esp0071.gif]
[gregg.angelfishy.net/images/esp0072.gif]
[gregg.angelfishy.net/images/esp0073.gif]
[gregg.angelfishy.net/images/esp0074.gif]
[gregg.angelfishy.net/images/esp0075.gif]
[gregg.angelfishy.net/images/esp0076.gif]
[gregg.angelfishy.net/images/esp0077.gif]
[gregg.angelfishy.net/images/esp0078.gif]
[gregg.angelfishy.net/images/esp0079.gif]
[gregg.angelfishy.net/images/esp0080.gif]
[gregg.angelfishy.net/images/esp0081.gif]
[gregg.angelfishy.net/images/esp0082.gif]
[gregg.angelfishy.net/images/esp0083.gif]
[gregg.angelfishy.net/images/esp0084.gif]
[gregg.angelfishy.net/images/esp0085.gif]
[gregg.angelfishy.net/images/esp0086.gif]
[gregg.angelfishy.net/images/esp0087.gif]
[gregg.angelfishy.net/images/esp0088.gif]
[gregg.angelfishy.net/images/esp0094.gif]
[gregg.angelfishy.net/images/esp0091.gif]
[gregg.angelfishy.net/images/esp0089.gif]
[gregg.angelfishy.net/images/esp0095.gif]
[gregg.angelfishy.net/images/esp0092.gif]
[gregg.angelfishy.net/images/esp0090.gif]
[gregg.angelfishy.net/images/esp0096.gif]
[gregg.angelfishy.net/images/esp0093.gif]
[gregg.angelfishy.net/images/esp0100.gif]
[gregg.angelfishy.net/images/esp0097.gif]
[gregg.angelfishy.net/images/esp0101.gif]
[gregg.angelfishy.net/images/esp0104.gif]
[gregg.angelfishy.net/images/esp0098.gif]
[gregg.angelfishy.net/images/esp0102.gif]
[gregg.angelfishy.net/images/esp0105.gif]
[gregg.angelfishy.net/images/esp0099.gif]
[gregg.angelfishy.net/images/esp0107.gif]
[gregg.angelfishy.net/images/esp0106.gif]
[gregg.angelfishy.net/espgrg02p.html]
[gregg.angelfishy.net/espgrg02.html]
[gregg.angelfishy.net/images/esp0108.gif]
[gregg.angelfishy.net/images/esp0109.gif]
[gregg.angelfishy.net/images/esp0119.gif]
[gregg.angelfishy.net/images/esp0110.gif]
[gregg.angelfishy.net/images/esp0114.gif]
[gregg.angelfishy.net/images/esp0112.gif]
[gregg.angelfishy.net/images/esp0115.gif]
[gregg.angelfishy.net/images/esp0116.gif]
[gregg.angelfishy.net/images/esp0121.gif]
[gregg.angelfishy.net/images/esp0117.gif]
[gregg.angelfishy.net/images/esp0118.gif]
[gregg.angelfishy.net/images/esp0122.gif]
[gregg.angelfishy.net/images/esp0123.gif]
[gregg.angelfishy.net/images/esp0120.gif]
[gregg.angelfishy.net/images/esp0124.gif]
[gregg.angelfishy.net/images/esp0111.gif]
[gregg.angelfishy.net/images/esp0125.gif]
[gregg.angelfishy.net/images/esp0126.gif]
[gregg.angelfishy.net/images/esp0127.gif]
[gregg.angelfishy.net/images/esp0128.gif]
[gregg.angelfishy.net/images/esp0129.gif]
[gregg.angelfishy.net/images/esp0131.gif]
[gregg.angelfishy.net/images/esp0130.gif]
[gregg.angelfishy.net/images/esp0132.gif]
[gregg.angelfishy.net/images/esp0133.gif]
[gregg.angelfishy.net/images/esp0135.gif]
[gregg.angelfishy.net/images/esp0134.gif]
[gregg.angelfishy.net/images/esp0136.gif]
[gregg.angelfishy.net/images/esp0137.gif]
[gregg.angelfishy.net/images/esp0138.gif]
[gregg.angelfishy.net/images/esp0139.gif]
[gregg.angelfishy.net/images/esp0140.gif]
[gregg.angelfishy.net/images/esp0141.gif]
[gregg.angelfishy.net/images/esp0142.gif]
[gregg.angelfishy.net/images/esp0143.gif]
[gregg.angelfishy.net/images/esp0144.gif]
[gregg.angelfishy.net/images/esp0145.gif]
[gregg.angelfishy.net/images/esp0146.gif]
[gregg.angelfishy.net/images/esp0147.gif]
[gregg.angelfishy.net/images/esp0148.gif]
[gregg.angelfishy.net/images/esp0149.gif]
[gregg.angelfishy.net/images/esp0150.gif]
[gregg.angelfishy.net/images/esp0151.gif]
[gregg.angelfishy.net/images/esp0155.gif]
[gregg.angelfishy.net/images/esp0153.gif]
[gregg.angelfishy.net/images/esp0154.gif]
[gregg.angelfishy.net/images/esp0156.gif]
[gregg.angelfishy.net/images/esp0157.gif]
[gregg.angelfishy.net/images/esp0158.gif]
[gregg.angelfishy.net/images/esp0159.gif]
[gregg.angelfishy.net/images/esp0160.gif]
[gregg.angelfishy.net/images/esp0161.gif]
[gregg.angelfishy.net/images/esp0152.gif]
[gregg.angelfishy.net/images/esp0162.gif]
[gregg.angelfishy.net/images/esp0164.gif]
[gregg.angelfishy.net/images/esp0163.gif]
[gregg.angelfishy.net/images/esp0167.gif]
[gregg.angelfishy.net/images/esp0165.gif]
[gregg.angelfishy.net/images/esp0166.gif]
[gregg.angelfishy.net/images/esp0168.gif]
[gregg.angelfishy.net/images/esp0169.gif]
[gregg.angelfishy.net/images/esp0171.gif]
[gregg.angelfishy.net/images/esp0172.gif]
[gregg.angelfishy.net/images/esp0170.gif]
[gregg.angelfishy.net/images/esp0173.gif]
[gregg.angelfishy.net/images/esp0174.gif]
[gregg.angelfishy.net/images/esp0175.gif]
[gregg.angelfishy.net/images/esp0176.gif]
[gregg.angelfishy.net/espgrg03p.html]
[gregg.angelfishy.net/espgrg03.html]
[gregg.angelfishy.net/images/esp0177.gif]
[gregg.angelfishy.net/images/esp0181.gif]
[gregg.angelfishy.net/images/esp0178.gif]
[gregg.angelfishy.net/images/esp0182.gif]
[gregg.angelfishy.net/images/esp0179.gif]
[gregg.angelfishy.net/images/esp0183.gif]
[gregg.angelfishy.net/images/esp0180.gif]
[gregg.angelfishy.net/images/esp0184.gif]
[gregg.angelfishy.net/images/esp0185.gif]
[gregg.angelfishy.net/images/esp0186.gif]
[gregg.angelfishy.net/images/esp0187.gif]
[gregg.angelfishy.net/images/esp0189.gif]
[gregg.angelfishy.net/images/esp0188.gif]
[gregg.angelfishy.net/images/esp0190.gif]
[gregg.angelfishy.net/images/esp0191.gif]
[gregg.angelfishy.net/images/esp0192.gif]
[gregg.angelfishy.net/images/esp0193.gif]
[gregg.angelfishy.net/images/esp0194.gif]
[gregg.angelfishy.net/images/esp0195.gif]
[gregg.angelfishy.net/images/esp0196.gif]
[gregg.angelfishy.net/images/esp0197.gif]
[gregg.angelfishy.net/images/esp0207.gif]
[gregg.angelfishy.net/images/esp0219.gif]
[gregg.angelfishy.net/images/esp0208.gif]
[gregg.angelfishy.net/images/esp0220.gif]
[gregg.angelfishy.net/images/esp0198.gif]
[gregg.angelfishy.net/images/esp0209.gif]
[gregg.angelfishy.net/images/esp0221.gif]
[gregg.angelfishy.net/images/esp0199.gif]
[gregg.angelfishy.net/images/esp0210.gif]
[gregg.angelfishy.net/images/esp0222.gif]
[gregg.angelfishy.net/images/esp0200.gif]
[gregg.angelfishy.net/images/esp0211.gif]
[gregg.angelfishy.net/images/esp0223.gif]
[gregg.angelfishy.net/images/esp0201.gif]
[gregg.angelfishy.net/images/esp0212.gif]
[gregg.angelfishy.net/images/esp0225.gif]
[gregg.angelfishy.net/images/esp0213.gif]
[gregg.angelfishy.net/images/esp0224.gif]
[gregg.angelfishy.net/images/esp0202.gif]
[gregg.angelfishy.net/images/esp0214.gif]
[gregg.angelfishy.net/images/esp0226.gif]
[gregg.angelfishy.net/images/esp0203.gif]
[gregg.angelfishy.net/images/esp0215.gif]
[gregg.angelfishy.net/images/esp0227.gif]
[gregg.angelfishy.net/images/esp0204.gif]
[gregg.angelfishy.net/images/esp0216.gif]
[gregg.angelfishy.net/images/esp0228.gif]
[gregg.angelfishy.net/images/esp0205.gif]
[gregg.angelfishy.net/images/esp0217.gif]
[gregg.angelfishy.net/images/esp0229.gif]
[gregg.angelfishy.net/images/esp0206.gif]
[gregg.angelfishy.net/images/esp0218.gif]
[gregg.angelfishy.net/images/esp0230.gif]
[gregg.angelfishy.net/espgrg04p.html]
[gregg.angelfishy.net/espgrg04.html]
[gregg.angelfishy.net/images/esp0231.gif]
[gregg.angelfishy.net/images/esp0235.gif]
[gregg.angelfishy.net/images/esp0238.gif]
[gregg.angelfishy.net/images/esp0234.gif]
[gregg.angelfishy.net/images/esp0237.gif]
[gregg.angelfishy.net/images/esp0233.gif]
[gregg.angelfishy.net/images/esp0236.gif]
[gregg.angelfishy.net/images/esp0239.gif]
[gregg.angelfishy.net/images/esp0242.gif]
[gregg.angelfishy.net/images/esp0241.gif]
[gregg.angelfishy.net/images/esp0248.gif]
[gregg.angelfishy.net/images/esp0243.gif]
[gregg.angelfishy.net/images/esp0245.gif]
[gregg.angelfishy.net/images/esp0249.gif]
[gregg.angelfishy.net/images/esp0244.gif]
[gregg.angelfishy.net/images/esp0246.gif]
[gregg.angelfishy.net/images/esp0247.gif]
[gregg.angelfishy.net/images/esp0240.gif]
[gregg.angelfishy.net/images/esp0250.gif]
[gregg.angelfishy.net/images/esp0251.gif]
[gregg.angelfishy.net/images/esp0255.gif]
[gregg.angelfishy.net/images/esp0252.gif]
[gregg.angelfishy.net/images/esp0257.gif]
[gregg.angelfishy.net/images/esp0254.gif]
[gregg.angelfishy.net/images/esp0258.gif]
[gregg.angelfishy.net/images/esp0253.gif]
[gregg.angelfishy.net/images/esp0265.gif]
[gregg.angelfishy.net/images/esp0259.gif]
[gregg.angelfishy.net/images/esp0260.gif]
[gregg.angelfishy.net/images/esp0262.gif]
[gregg.angelfishy.net/images/esp0261.gif]
[gregg.angelfishy.net/images/esp0266.gif]
[gregg.angelfishy.net/images/esp0263.gif]
[gregg.angelfishy.net/images/esp0267.gif]
[gregg.angelfishy.net/images/esp0264.gif]
[gregg.angelfishy.net/images/esp0279.gif]
[gregg.angelfishy.net/images/esp0290.gif]
[gregg.angelfishy.net/images/esp0268.gif]
[gregg.angelfishy.net/images/esp0280.gif]
[gregg.angelfishy.net/images/esp0269.gif]
[gregg.angelfishy.net/images/esp0291.gif]
[gregg.angelfishy.net/images/esp0270.gif]
[gregg.angelfishy.net/images/esp0281.gif]
[gregg.angelfishy.net/images/esp0292.gif]
[gregg.angelfishy.net/images/esp0271.gif]
[gregg.angelfishy.net/images/esp0282.gif]
[gregg.angelfishy.net/images/esp0293.gif]
[gregg.angelfishy.net/images/esp0272.gif]
[gregg.angelfishy.net/images/esp0283.gif]
[gregg.angelfishy.net/images/esp0294.gif]
[gregg.angelfishy.net/images/esp0273.gif]
[gregg.angelfishy.net/images/esp0284.gif]
[gregg.angelfishy.net/images/esp0295.gif]
[gregg.angelfishy.net/images/esp0274.gif]
[gregg.angelfishy.net/images/esp0285.gif]
[gregg.angelfishy.net/images/esp0296.gif]
[gregg.angelfishy.net/images/esp0275.gif]
[gregg.angelfishy.net/images/esp0286.gif]
[gregg.angelfishy.net/images/esp0297.gif]
[gregg.angelfishy.net/images/esp0276.gif]
[gregg.angelfishy.net/images/esp0287.gif]
[gregg.angelfishy.net/images/esp0298.gif]
[gregg.angelfishy.net/images/esp0277.gif]
[gregg.angelfishy.net/images/esp0288.gif]
[gregg.angelfishy.net/images/esp0299.gif]
[gregg.angelfishy.net/images/esp0278.gif]
[gregg.angelfishy.net/images/esp0289.gif]
[gregg.angelfishy.net/images/esp0300.gif]
[gregg.angelfishy.net/espgrg05p.html]
[gregg.angelfishy.net/espgrg05.html]
[gregg.angelfishy.net/images/esp0309.gif]
[gregg.angelfishy.net/images/esp0310.gif]
[gregg.angelfishy.net/images/esp0301.gif]
[gregg.angelfishy.net/images/esp0311.gif]
[gregg.angelfishy.net/images/esp0312.gif]
[gregg.angelfishy.net/images/esp0302.gif]
[gregg.angelfishy.net/images/esp0313.gif]
[gregg.angelfishy.net/images/esp0303.gif]
[gregg.angelfishy.net/images/esp0314.gif]
[gregg.angelfishy.net/images/esp0304.gif]
[gregg.angelfishy.net/images/esp0315.gif]
[gregg.angelfishy.net/images/esp0305.gif]
[gregg.angelfishy.net/images/esp0316.gif]
[gregg.angelfishy.net/images/esp0306.gif]
[gregg.angelfishy.net/images/esp0317.gif]
[gregg.angelfishy.net/images/esp0307.gif]
[gregg.angelfishy.net/images/esp0318.gif]
[gregg.angelfishy.net/images/esp0308.gif]
[gregg.angelfishy.net/images/esp0319.gif]
[gregg.angelfishy.net/images/esp0320.gif]
[gregg.angelfishy.net/images/esp0328.gif]
[gregg.angelfishy.net/images/esp0321.gif]
[gregg.angelfishy.net/images/esp0329.gif]
[gregg.angelfishy.net/images/esp0346.gif]
[gregg.angelfishy.net/images/esp0322.gif]
[gregg.angelfishy.net/images/esp0330.gif]
[gregg.angelfishy.net/images/esp0347.gif]
[gregg.angelfishy.net/images/esp0323.gif]
[gregg.angelfishy.net/images/esp0331.gif]
[gregg.angelfishy.net/images/esp0324.gif]
[gregg.angelfishy.net/images/esp0332.gif]
[gregg.angelfishy.net/images/esp0325.gif]
[gregg.angelfishy.net/images/esp0333.gif]
[gregg.angelfishy.net/images/esp0344.gif]
[gregg.angelfishy.net/images/esp0326.gif]
[gregg.angelfishy.net/images/esp0334.gif]
[gregg.angelfishy.net/images/esp0327.gif]
[gregg.angelfishy.net/images/esp0335.gif]
[gregg.angelfishy.net/images/esp0336.gif]
[gregg.angelfishy.net/images/esp0340.gif]
[gregg.angelfishy.net/images/esp0345.gif]
[gregg.angelfishy.net/images/esp0337.gif]
[gregg.angelfishy.net/images/esp0341.gif]
[gregg.angelfishy.net/images/esp0338.gif]
[gregg.angelfishy.net/images/esp0342.gif]
[gregg.angelfishy.net/images/esp0339.gif]
[gregg.angelfishy.net/images/esp0343.gif]
[gregg.angelfishy.net/images/esp0348.gif]
[gregg.angelfishy.net/images/esp0362.gif]
[gregg.angelfishy.net/images/esp0374.gif]
[gregg.angelfishy.net/images/esp0349.gif]
[gregg.angelfishy.net/images/esp0363.gif]
[gregg.angelfishy.net/images/esp0375.gif]
[gregg.angelfishy.net/images/esp0350.gif]
[gregg.angelfishy.net/images/esp0364.gif]
[gregg.angelfishy.net/images/esp0376.gif]
[gregg.angelfishy.net/images/esp0351.gif]
[gregg.angelfishy.net/images/esp0365.gif]
[gregg.angelfishy.net/images/esp0377.gif]
[gregg.angelfishy.net/images/esp0352.gif]
[gregg.angelfishy.net/images/esp0366.gif]
[gregg.angelfishy.net/images/esp0378.gif]
[gregg.angelfishy.net/images/esp0353.gif]
[gregg.angelfishy.net/images/esp0367.gif]
[gregg.angelfishy.net/images/esp0379.gif]
[gregg.angelfishy.net/images/esp0354.gif]
[gregg.angelfishy.net/images/esp0368.gif]
[gregg.angelfishy.net/images/esp0380.gif]
[gregg.angelfishy.net/images/esp0355.gif]
[gregg.angelfishy.net/images/esp0369.gif]
[gregg.angelfishy.net/images/esp0381.gif]
[gregg.angelfishy.net/images/esp0356.gif]
[gregg.angelfishy.net/images/esp0370.gif]
[gregg.angelfishy.net/images/esp0382.gif]
[gregg.angelfishy.net/images/esp0357.gif]
[gregg.angelfishy.net/images/esp0371.gif]
[gregg.angelfishy.net/images/esp0383.gif]
[gregg.angelfishy.net/images/esp0358.gif]
[gregg.angelfishy.net/images/esp0372.gif]
[gregg.angelfishy.net/images/esp0384.gif]
[gregg.angelfishy.net/images/esp0359.gif]
[gregg.angelfishy.net/images/esp0373.gif]
[gregg.angelfishy.net/images/esp0385.gif]
[gregg.angelfishy.net/espgrg06p.html]
[gregg.angelfishy.net/espgrg06.html]
[gregg.angelfishy.net/images/esp0386.gif]
[gregg.angelfishy.net/images/esp0389.gif]
[gregg.angelfishy.net/images/esp0387.gif]
[gregg.angelfishy.net/images/esp0388.gif]
[gregg.angelfishy.net/images/esp0390.gif]
[gregg.angelfishy.net/images/esp0391.gif]
[gregg.angelfishy.net/images/esp0394.gif]
[gregg.angelfishy.net/images/esp0392.gif]
[gregg.angelfishy.net/images/esp0395.gif]
[gregg.angelfishy.net/images/esp0393.gif]
[gregg.angelfishy.net/images/esp0396.gif]
[gregg.angelfishy.net/images/esp0397.gif]
[gregg.angelfishy.net/images/esp0399.gif]
[gregg.angelfishy.net/images/esp0401.gif]
[gregg.angelfishy.net/images/esp0398.gif]
[gregg.angelfishy.net/images/esp0400.gif]
[gregg.angelfishy.net/images/esp0402.gif]
[gregg.angelfishy.net/images/esp0403.gif]
[gregg.angelfishy.net/images/esp0404.gif]
[gregg.angelfishy.net/images/esp0405.gif]
[gregg.angelfishy.net/images/esp0407.gif]
[gregg.angelfishy.net/images/esp0406.gif]
[gregg.angelfishy.net/images/esp0408.gif]
[gregg.angelfishy.net/images/esp0409.gif]
[gregg.angelfishy.net/images/esp0410.gif]
[gregg.angelfishy.net/images/esp0412.gif]
[gregg.angelfishy.net/images/esp0411.gif]
[gregg.angelfishy.net/images/esp0413.gif]
[gregg.angelfishy.net/images/esp0414.gif]
[gregg.angelfishy.net/images/esp0417.gif]
[gregg.angelfishy.net/images/esp0415.gif]
[gregg.angelfishy.net/images/esp0418.gif]
[gregg.angelfishy.net/images/esp0416.gif]
[gregg.angelfishy.net/images/esp0419.gif]
[gregg.angelfishy.net/images/esp0420.gif]
[gregg.angelfishy.net/images/esp0426.gif]
[gregg.angelfishy.net/images/esp0434.gif]
[gregg.angelfishy.net/images/esp0421.gif]
[gregg.angelfishy.net/images/esp0427.gif]
[gregg.angelfishy.net/images/esp0435.gif]
[gregg.angelfishy.net/images/esp0422.gif]
[gregg.angelfishy.net/images/esp0428.gif]
[gregg.angelfishy.net/images/esp0436.gif]
[gregg.angelfishy.net/images/esp0429.gif]
[gregg.angelfishy.net/images/esp0437.gif]
[gregg.angelfishy.net/images/esp0442.gif]
[gregg.angelfishy.net/images/esp0430.gif]
[gregg.angelfishy.net/images/esp0438.gif]
[gregg.angelfishy.net/images/esp0423.gif]
[gregg.angelfishy.net/images/esp0431.gif]
[gregg.angelfishy.net/images/esp0439.gif]
[gregg.angelfishy.net/images/esp0424.gif]
[gregg.angelfishy.net/images/esp0432.gif]
[gregg.angelfishy.net/images/esp0440.gif]
[gregg.angelfishy.net/images/esp0425.gif]
[gregg.angelfishy.net/images/esp0433.gif]
[gregg.angelfishy.net/images/esp0441.gif]
[gregg.angelfishy.net/espgrg07p.html]
[gregg.angelfishy.net/espgrg07.html]
[gregg.angelfishy.net/espgrg08p.html]
[gregg.angelfishy.net/espgrg08.html]
[gregg.angelfishy.net/images/esp0443.gif]
[gregg.angelfishy.net/images/esp0444.gif]
[gregg.angelfishy.net/images/esp0496.gif]
[gregg.angelfishy.net/images/esp0445.gif]
[gregg.angelfishy.net/images/esp0446.gif]
[gregg.angelfishy.net/images/esp0456.gif]
[gregg.angelfishy.net/images/esp0447.gif]
[gregg.angelfishy.net/images/esp0457.gif]
[gregg.angelfishy.net/images/esp0448.gif]
[gregg.angelfishy.net/images/esp0458.gif]
[gregg.angelfishy.net/images/esp0449.gif]
[gregg.angelfishy.net/images/esp0459.gif]
[gregg.angelfishy.net/images/esp0450.gif]
[gregg.angelfishy.net/images/esp0460.gif]
[gregg.angelfishy.net/images/esp0451.gif]
[gregg.angelfishy.net/images/esp0461.gif]
[gregg.angelfishy.net/images/esp0452.gif]
[gregg.angelfishy.net/images/esp0462.gif]
[gregg.angelfishy.net/images/esp0453.gif]
[gregg.angelfishy.net/images/esp0463.gif]
[gregg.angelfishy.net/images/esp0454.gif]
[gregg.angelfishy.net/images/esp0464.gif]
[gregg.angelfishy.net/images/esp0455.gif]
[gregg.angelfishy.net/images/esp0465.gif]
[gregg.angelfishy.net/images/esp0466.gif]
[gregg.angelfishy.net/images/esp0468.gif]
[gregg.angelfishy.net/images/esp0467.gif]
[gregg.angelfishy.net/images/esp0469.gif]
[gregg.angelfishy.net/espgrg09p.html]
[gregg.angelfishy.net/espgrg09.html]
[gregg.angelfishy.net/images/esp0360.gif]
[gregg.angelfishy.net/images/esp0470.gif]
[gregg.angelfishy.net/images/esp0471.gif]
[gregg.angelfishy.net/images/esp0472.gif]
[gregg.angelfishy.net/images/esp0473.gif]
[gregg.angelfishy.net/images/esp0474.gif]
[gregg.angelfishy.net/images/esp0475.gif]
[gregg.angelfishy.net/images/esp0476.gif]
[gregg.angelfishy.net/images/esp0477.gif]
[gregg.angelfishy.net/images/esp0478.gif]
[gregg.angelfishy.net/images/esp0479.gif]
[gregg.angelfishy.net/images/esp0480.gif]
[gregg.angelfishy.net/images/esp0481.gif]
[gregg.angelfishy.net/images/esp0482.gif]
[gregg.angelfishy.net/images/esp0483.gif]
[gregg.angelfishy.net/images/esp0484.gif]
[gregg.angelfishy.net/images/esp0485.gif]
[gregg.angelfishy.net/images/esp0486.gif]
[gregg.angelfishy.net/images/esp0487.gif]
[gregg.angelfishy.net/images/esp0488.gif]
[gregg.angelfishy.net/images/esp0489.gif]
[gregg.angelfishy.net/images/esp0490.gif]
[gregg.angelfishy.net/images/esp0491.gif]
[gregg.angelfishy.net/images/esp0492.gif]
[gregg.angelfishy.net/images/esp0493.gif]
[gregg.angelfishy.net/images/esp0494.gif]
[gregg.angelfishy.net/images/esp0495.gif]
[gregg.angelfishy.net/images/esp0497.gif]
[gregg.angelfishy.net/images/esp0498.gif]
[gregg.angelfishy.net/images/esp0499.gif]
[gregg.angelfishy.net/images/esp0361.gif]
[gregg.angelfishy.net/images/esp0500.gif]
[gregg.angelfishy.net/images/esp0501.gif]
[gregg.angelfishy.net/images/esp0502.gif]
[gregg.angelfishy.net/images/esp0503.gif]
[gregg.angelfishy.net/images/esp0504.gif]
[gregg.angelfishy.net/images/esp0505.gif]
[gregg.angelfishy.net/images/esp0506.gif]
[gregg.angelfishy.net/images/esp0507.gif]
[gregg.angelfishy.net/images/esp0508.gif]
[gregg.angelfishy.net/images/esp0509.gif]
[gregg.angelfishy.net/images/esp0510.gif]
[gregg.angelfishy.net/images/esp0511.gif]
[gregg.angelfishy.net/images/esp0512.gif]
[gregg.angelfishy.net/images/esp0513.gif]
[gregg.angelfishy.net/images/esp0514.gif]
[gregg.angelfishy.net/images/esp0515.gif]
[gregg.angelfishy.net/images/esp0516.gif]
[gregg.angelfishy.net/images/esp0517.gif]
[gregg.angelfishy.net/images/esp0518.gif]
[gregg.angelfishy.net/images/esp0519.gif]
[gregg.angelfishy.net/images/esp0520.gif]
[gregg.angelfishy.net/images/esp0521.gif]
[gregg.angelfishy.net/images/esp0522.gif]
[gregg.angelfishy.net/images/esp0523.gif]
[gregg.angelfishy.net/images/esp0524.gif]
[gregg.angelfishy.net/images/esp0525.gif]
[gregg.angelfishy.net/images/esp0526.gif]
[gregg.angelfishy.net/images/esp0527.gif]
[gregg.angelfishy.net/images/esp0528.gif]
[gregg.angelfishy.net/images/esp0529.gif]
[gregg.angelfishy.net/images/esp0530.gif]
[gregg.angelfishy.net/images/esp0531.gif]
[gregg.angelfishy.net/images/esp0532.gif]
[gregg.angelfishy.net/espgrg10p.html]
[gregg.angelfishy.net/espgrg10.html]
[gregg.angelfishy.net/images/laespero.gif]
[gregg.angelfishy.net/espgrg11t.html]
[gregg.angelfishy.net/espgrg11p.html]
[gregg.angelfishy.net/espgrg11.html]
[gregg.angelfishy.net/images/prntgrg.gif]
[gregg.angelfishy.net/espgrg01p.html]
[gregg.angelfishy.net/images/bfd001.gif]
[gregg.angelfishy.net/bfd01.html]
[gregg.angelfishy.net/trpanu01.html]
[gregg.angelfishy.net/images/bfd002.gif]
[gregg.angelfishy.net/bfd02.html]
[gregg.angelfishy.net/trpanu02.html]
[gregg.angelfishy.net/images/bfd003.gif]
[gregg.angelfishy.net/bfd03.html]
[gregg.angelfishy.net/images/trans03.gif]
[gregg.angelfishy.net/trpanu03.html]
[gregg.angelfishy.net/images/bfd004.gif]
[gregg.angelfishy.net/bfd04.html]
[gregg.angelfishy.net/trpanu04.html]
[gregg.angelfishy.net/trpanu05.html]
[gregg.angelfishy.net/trpanu06.html]
[gregg.angelfishy.net/trpanu07.html]
[gregg.angelfishy.net/trpanu08.html]
[gregg.angelfishy.net/trpanu09.html]
[gregg.angelfishy.net/trpanu10.html]
[gregg.angelfishy.net/trpanu11.html]
[gregg.angelfishy.net/trpanu12.html]
[gregg.angelfishy.net/trpanu13.html]
[gregg.angelfishy.net/trpanu14.html]
[gregg.angelfishy.net/trpanu15.html]
[gregg.angelfishy.net/trpanu16.html]
[gregg.angelfishy.net/trpanu17.html]
[gregg.angelfishy.net/trpanu18.html]
[gregg.angelfishy.net/trpanu19.html]
[gregg.angelfishy.net/trpanu20.html]
[gregg.angelfishy.net/trpanu21.html]
[gregg.angelfishy.net/trpanu22.html]
[gregg.angelfishy.net/trpanu23.html]
[gregg.angelfishy.net/trpanu24.html]
[gregg.angelfishy.net/trpanu25.html]
[gregg.angelfishy.net/trpanu26.html]
[gregg.angelfishy.net/trpanu27.html]
[gregg.angelfishy.net/trpanu28.html]
[gregg.angelfishy.net/trpanu29.html]
[gregg.angelfishy.net/trpanu30.html]
[gregg.angelfishy.net/trpanu31.html]
[gregg.angelfishy.net/trpanu32.html]
[gregg.angelfishy.net/trpanu33.html]
[gregg.angelfishy.net/trpanu34.html]
[gregg.angelfishy.net/trpanu35.html]
[gregg.angelfishy.net/trpanu36.html]
[gregg.angelfishy.net/images/jrgstry2.gif]
[gregg.angelfishy.net/jrgstry3.html]
[gregg.angelfishy.net/jrgstry2.html]
[gregg.angelfishy.net/images/grmng021.gif]
[gregg.angelfishy.net/images/grmng022.gif]
[gregg.angelfishy.net/images/grmng023.gif]
[gregg.angelfishy.net/images/grmng024.gif]
[gregg.angelfishy.net/images/grmng025.gif]
[gregg.angelfishy.net/images/grmng026.gif]
[gregg.angelfishy.net/images/grmng027.gif]
[gregg.angelfishy.net/images/grmng028.gif]
[gregg.angelfishy.net/images/grmng029.gif]
[gregg.angelfishy.net/images/grmng030.gif]
[gregg.angelfishy.net/images/grmng036.gif]
[gregg.angelfishy.net/images/grmng031.gif]
[gregg.angelfishy.net/images/grmng032.gif]
[gregg.angelfishy.net/images/grmng033.gif]
[gregg.angelfishy.net/grmng004.html]
[gregg.angelfishy.net/grmng003.html]
[gregg.angelfishy.net/espgrg02p.html]
[gregg.angelfishy.net/espgrg03p.html]
[gregg.angelfishy.net/espgrg04p.html]
[gregg.angelfishy.net/espgrg05p.html]
[gregg.angelfishy.net/espgrg06p.html]
[gregg.angelfishy.net/espgrg07p.html]
[gregg.angelfishy.net/espgrg08p.html]
[gregg.angelfishy.net/espgrg09p.html]
[gregg.angelfishy.net/espgrg10p.html]
[gregg.angelfishy.net/espgrg11t.html]
[gregg.angelfishy.net/espgrg11p.html]
[gregg.angelfishy.net/images/jrgstry3.gif]
[gregg.angelfishy.net/jrgstry3.html]
[gregg.angelfishy.net/images/grmng034.gif]
[gregg.angelfishy.net/images/grmng035.gif]
[gregg.angelfishy.net/images/grmng037.gif]
[gregg.angelfishy.net/images/grmng038.gif]
[gregg.angelfishy.net/images/grmng050.gif]
[gregg.angelfishy.net/images/grmng051.gif]
[gregg.angelfishy.net/images/grmng052.gif]
[gregg.angelfishy.net/images/grmng053.gif]
[gregg.angelfishy.net/images/grmng054.gif]
[gregg.angelfishy.net/images/grmng055.gif]
[gregg.angelfishy.net/images/grmng056.gif]
[gregg.angelfishy.net/images/grmng043.gif]
[gregg.angelfishy.net/images/grmng039.gif]
[gregg.angelfishy.net/images/grmng040.gif]
[gregg.angelfishy.net/images/grmng041.gif]
[gregg.angelfishy.net/images/grmng042.gif]
[gregg.angelfishy.net/images/grmng044.gif]
[gregg.angelfishy.net/images/grmng045.gif]
[gregg.angelfishy.net/images/grmng046.gif]
[gregg.angelfishy.net/grmng005.html]
[gregg.angelfishy.net/grmng004.html]
[gregg.angelfishy.net/images/grmng047.gif]
[gregg.angelfishy.net/images/grmng048.gif]
[gregg.angelfishy.net/images/grmng049.gif]
[gregg.angelfishy.net/images/grmng057.gif]
[gregg.angelfishy.net/images/grmng058.gif]
[gregg.angelfishy.net/images/grmng059.gif]
[gregg.angelfishy.net/images/grmng060.gif]
[gregg.angelfishy.net/images/grmng061.gif]
[gregg.angelfishy.net/images/grmng062.gif]
[gregg.angelfishy.net/images/grmng063.gif]
[gregg.angelfishy.net/images/grmng064.gif]
[gregg.angelfishy.net/images/grmng065.gif]
[gregg.angelfishy.net/images/grmng066.gif]
[gregg.angelfishy.net/images/grmng067.gif]
[gregg.angelfishy.net/images/grmng068.gif]
[gregg.angelfishy.net/images/grmng069.gif]
[gregg.angelfishy.net/images/grmng070.gif]
[gregg.angelfishy.net/grmng006.html]
[gregg.angelfishy.net/grmng005.html]
[gregg.angelfishy.net/images/grmng071.gif]
[gregg.angelfishy.net/images/grmng072.gif]
[gregg.angelfishy.net/images/grmng073.gif]
[gregg.angelfishy.net/images/grmng074.gif]
[gregg.angelfishy.net/images/grmng075.gif]
[gregg.angelfishy.net/images/grmng076.gif]
[gregg.angelfishy.net/images/grmng077.gif]
[gregg.angelfishy.net/images/grmng078.gif]
[gregg.angelfishy.net/grmng007.html]
[gregg.angelfishy.net/grmng006.html]
[gregg.angelfishy.net/images/grmng079.gif]
[gregg.angelfishy.net/images/grmng080.gif]
[gregg.angelfishy.net/images/grmng081.gif]
[gregg.angelfishy.net/images/grmng082.gif]
[gregg.angelfishy.net/images/grmng083.gif]
[gregg.angelfishy.net/images/grmng084.gif]
[gregg.angelfishy.net/images/grmng085.gif]
[gregg.angelfishy.net/images/grmng086.gif]
[gregg.angelfishy.net/images/grmng087.gif]
[gregg.angelfishy.net/images/grmng088.gif]
[gregg.angelfishy.net/images/grmng089.gif]
[gregg.angelfishy.net/images/grmng090.gif]
[gregg.angelfishy.net/grmng008.html]
[gregg.angelfishy.net/grmng007.html]
[gregg.angelfishy.net/images/grmng091.gif]
[gregg.angelfishy.net/images/grmng092.gif]
[gregg.angelfishy.net/images/grmng093.gif]
[gregg.angelfishy.net/images/grmng094.gif]
[gregg.angelfishy.net/images/grmng095.gif]
[gregg.angelfishy.net/images/grmng096.gif]
[gregg.angelfishy.net/images/grmng097.gif]
[gregg.angelfishy.net/images/grmng098.gif]
[gregg.angelfishy.net/images/grmng099.gif]
[gregg.angelfishy.net/images/grmng100.gif]
[gregg.angelfishy.net/images/grmng101.gif]
[gregg.angelfishy.net/images/grmng102.gif]
[gregg.angelfishy.net/grmng009.html]
[gregg.angelfishy.net/grmng008.html]
[gregg.angelfishy.net/images/grmng103.gif]
[gregg.angelfishy.net/images/grmng104.gif]
[gregg.angelfishy.net/images/grmng105.gif]
[gregg.angelfishy.net/images/grmng106.gif]
[gregg.angelfishy.net/images/grmng107.gif]
[gregg.angelfishy.net/images/grmng108.gif]
[gregg.angelfishy.net/images/grmng109.gif]
[gregg.angelfishy.net/images/grmng110.gif]
[gregg.angelfishy.net/images/grmng111.gif]
[gregg.angelfishy.net/images/grmng112.gif]
[gregg.angelfishy.net/images/grmng113.gif]
[gregg.angelfishy.net/images/grmng114.gif]
[gregg.angelfishy.net/images/grmng115.gif]
[gregg.angelfishy.net/images/grmng116.gif]
[gregg.angelfishy.net/images/grmng117.gif]
[gregg.angelfishy.net/grmng010.html]
[gregg.angelfishy.net/grmng009.html]
[gregg.angelfishy.net/images/grmng118.gif]
[gregg.angelfishy.net/images/grmng119.gif]
[gregg.angelfishy.net/images/grmng120.gif]
[gregg.angelfishy.net/images/grmng121.gif]
[gregg.angelfishy.net/images/grmng122.gif]
[gregg.angelfishy.net/images/grmng123.gif]
[gregg.angelfishy.net/images/grmng124.gif]
[gregg.angelfishy.net/images/grmng126.gif]
[gregg.angelfishy.net/images/grmng127.gif]
[gregg.angelfishy.net/images/grmng128.gif]
[gregg.angelfishy.net/images/grmng129.gif]
[gregg.angelfishy.net/images/grmng130.gif]
[gregg.angelfishy.net/images/grmng131.gif]
[gregg.angelfishy.net/images/grmng132.gif]
[gregg.angelfishy.net/images/grmng133.gif]
[gregg.angelfishy.net/images/grmng134.gif]
[gregg.angelfishy.net/images/grmng135.gif]
[gregg.angelfishy.net/images/grmng136.gif]
[gregg.angelfishy.net/images/grmng137.gif]
[gregg.angelfishy.net/images/grmng138.gif]
[gregg.angelfishy.net/images/grmng139.gif]
[gregg.angelfishy.net/images/grmng140.gif]
[gregg.angelfishy.net/images/grmng141.gif]
[gregg.angelfishy.net/images/grmng142.gif]
[gregg.angelfishy.net/images/grmng143.gif]
[gregg.angelfishy.net/images/grmng144.gif]
[gregg.angelfishy.net/images/grmng145.gif]
[gregg.angelfishy.net/grmng011.html]
[gregg.angelfishy.net/grmng010.html]
[gregg.angelfishy.net/images/grmng146.gif]
[gregg.angelfishy.net/images/grmng147.gif]
[gregg.angelfishy.net/images/grmng148.gif]
[gregg.angelfishy.net/images/grmng149.gif]
[gregg.angelfishy.net/images/grmng150.gif]
[gregg.angelfishy.net/images/grmng151.gif]
[gregg.angelfishy.net/images/grmng152.gif]
[gregg.angelfishy.net/images/grmng153.gif]
[gregg.angelfishy.net/images/grmng154.gif]
[gregg.angelfishy.net/images/grmng155.gif]
[gregg.angelfishy.net/images/grmng156.gif]
[gregg.angelfishy.net/images/grmng157.gif]
[gregg.angelfishy.net/images/grmng158.gif]
[gregg.angelfishy.net/images/grmng159.gif]
[gregg.angelfishy.net/images/grmng160.gif]
[gregg.angelfishy.net/images/grmng161.gif]
[gregg.angelfishy.net/images/grmng162.gif]
[gregg.angelfishy.net/images/grmng163.gif]
[gregg.angelfishy.net/images/grmng164.gif]
[gregg.angelfishy.net/images/grmng165.gif]
[gregg.angelfishy.net/images/grmng166.gif]
[gregg.angelfishy.net/images/grmng167.gif]
[gregg.angelfishy.net/images/grmng168.gif]
[gregg.angelfishy.net/images/grmng169.gif]
[gregg.angelfishy.net/grmng012.html]
[gregg.angelfishy.net/grmng011.html]
[gregg.angelfishy.net/images/grmng170.gif]
[gregg.angelfishy.net/images/grmng171.gif]
[gregg.angelfishy.net/images/grmng172.gif]
[gregg.angelfishy.net/images/grmng173.gif]
[gregg.angelfishy.net/images/grmng174.gif]
[gregg.angelfishy.net/images/grmng175.gif]
[gregg.angelfishy.net/images/grmng176.gif]
[gregg.angelfishy.net/images/grmng177.gif]
[gregg.angelfishy.net/images/grmng178.gif]
[gregg.angelfishy.net/grmng013.html]
[gregg.angelfishy.net/grmng012.html]
[gregg.angelfishy.net/images/grmng179.gif]
[gregg.angelfishy.net/images/grmng180.gif]
[gregg.angelfishy.net/grmng013.html]
